Archive member included to satisfy reference by file (symbol)

../../../Middlewares/STemWin/Lib\STemWin528_CM4_GCC.a(WM_SetCreateFlags.o)
                              Application\User\guiLib.o (WM_SetCreateFlags)
../../../Middlewares/STemWin/Lib\STemWin528_CM4_GCC.a(WM.o)
                              ../../../Middlewares/STemWin/Lib\STemWin528_CM4_GCC.a(WM_SetCreateFlags.o) (WM__CreateFlags)
../../../Middlewares/STemWin/Lib\STemWin528_CM4_GCC.a(GUIDEV_StaticDevices.o)
                              ../../../Middlewares/STemWin/Lib\STemWin528_CM4_GCC.a(WM.o) (GUI_MEMDEV_Paint1Static)
../../../Middlewares/STemWin/Lib\STemWin528_CM4_GCC.a(GUIDEV_SetOrg.o)
                              ../../../Middlewares/STemWin/Lib\STemWin528_CM4_GCC.a(GUIDEV_StaticDevices.o) (GUI_MEMDEV_SetOrg)
../../../Middlewares/STemWin/Lib\STemWin528_CM4_GCC.a(GUIDEV_GetYSize.o)
                              ../../../Middlewares/STemWin/Lib\STemWin528_CM4_GCC.a(GUIDEV_StaticDevices.o) (GUI_MEMDEV_GetYSize)
../../../Middlewares/STemWin/Lib\STemWin528_CM4_GCC.a(GUIDEV_GetXSize.o)
                              ../../../Middlewares/STemWin/Lib\STemWin528_CM4_GCC.a(GUIDEV_StaticDevices.o) (GUI_MEMDEV_GetXSize)
../../../Middlewares/STemWin/Lib\STemWin528_CM4_GCC.a(GUIDEV_GetPos.o)
                              ../../../Middlewares/STemWin/Lib\STemWin528_CM4_GCC.a(GUIDEV_StaticDevices.o) (GUI_MEMDEV_GetXPos)
../../../Middlewares/STemWin/Lib\STemWin528_CM4_GCC.a(GUIDEV_GetDataPtr.o)
                              ../../../Middlewares/STemWin/Lib\STemWin528_CM4_GCC.a(GUIDEV_StaticDevices.o) (GUI_MEMDEV_GetDataPtr)
../../../Middlewares/STemWin/Lib\STemWin528_CM4_GCC.a(GUIDEV_CreateFixed.o)
                              ../../../Middlewares/STemWin/Lib\STemWin528_CM4_GCC.a(GUIDEV_StaticDevices.o) (GUI_MEMDEV_CreateFixed)
../../../Middlewares/STemWin/Lib\STemWin528_CM4_GCC.a(GUIDEV_Banding.o)
                              ../../../Middlewares/STemWin/Lib\STemWin528_CM4_GCC.a(WM.o) (GUI_MEMDEV_Draw)
../../../Middlewares/STemWin/Lib\STemWin528_CM4_GCC.a(GUIDEV_32.o)
                              ../../../Middlewares/STemWin/Lib\STemWin528_CM4_GCC.a(GUIDEV_StaticDevices.o) (GUI_MEMDEV_DEVICE_32)
../../../Middlewares/STemWin/Lib\STemWin528_CM4_GCC.a(GUIDEV.o)
                              ../../../Middlewares/STemWin/Lib\STemWin528_CM4_GCC.a(GUIDEV_StaticDevices.o) (GUI_MEMDEV__CreateFixed)
../../../Middlewares/STemWin/Lib\STemWin528_CM4_GCC.a(F6x8.o)
                              Middlewares\STemWin\Config\GUIConf.o (GUI_Font6x8)
../../../Middlewares/STemWin/Lib\STemWin528_CM4_GCC.a(F20_ASCII.o)
                              Application\User\guiLib.o (GUI_Font20_ASCII)
../../../Middlewares/STemWin/Lib\STemWin528_CM4_GCC.a(GUIDRV_Lin_32.o)
                              Middlewares\STemWin\Config\LCDConf.o (GUIDRV_Lin_32_API)
../../../Middlewares/STemWin/Lib\STemWin528_CM4_GCC.a(LCD_UpdateColorIndices.o)
                              ../../../Middlewares/STemWin/Lib\STemWin528_CM4_GCC.a(GUIDEV.o) (LCD_UpdateColorIndices)
../../../Middlewares/STemWin/Lib\STemWin528_CM4_GCC.a(LCD_SetClipRectEx.o)
                              ../../../Middlewares/STemWin/Lib\STemWin528_CM4_GCC.a(WM.o) (LCD_SetClipRectEx)
../../../Middlewares/STemWin/Lib\STemWin528_CM4_GCC.a(LCD_Set.o)
                              Middlewares\STemWin\Config\LCDConf.o (LCD_SetVRAMAddrEx)
../../../Middlewares/STemWin/Lib\STemWin528_CM4_GCC.a(LCD_Mirror.o)
                              ../../../Middlewares/STemWin/Lib\STemWin528_CM4_GCC.a(GUIDEV_32.o) (LCD_aMirror)
../../../Middlewares/STemWin/Lib\STemWin528_CM4_GCC.a(LCD_GetEx.o)
                              ../../../Middlewares/STemWin/Lib\STemWin528_CM4_GCC.a(GUIDEV_Banding.o) (LCD_GetXSizeEx)
../../../Middlewares/STemWin/Lib\STemWin528_CM4_GCC.a(LCD.o)
                              Middlewares\STemWin\Config\LCDConf.o (LCD_FillRect)
../../../Middlewares/STemWin/Lib\STemWin528_CM4_GCC.a(GUI__memset.o)
                              ../../../Middlewares/STemWin/Lib\STemWin528_CM4_GCC.a(GUIDEV_StaticDevices.o) (GUI__memset)
../../../Middlewares/STemWin/Lib\STemWin528_CM4_GCC.a(GUI__ManageCache.o)
                              ../../../Middlewares/STemWin/Lib\STemWin528_CM4_GCC.a(WM.o) (GUI__ManageCache)
../../../Middlewares/STemWin/Lib\STemWin528_CM4_GCC.a(GUI__IntersectRects.o)
                              ../../../Middlewares/STemWin/Lib\STemWin528_CM4_GCC.a(WM.o) (GUI__IntersectRects)
../../../Middlewares/STemWin/Lib\STemWin528_CM4_GCC.a(GUI__IntersectRect.o)
                              ../../../Middlewares/STemWin/Lib\STemWin528_CM4_GCC.a(WM.o) (GUI__IntersectRect)
../../../Middlewares/STemWin/Lib\STemWin528_CM4_GCC.a(GUI__Alpha.o)
                              ../../../Middlewares/STemWin/Lib\STemWin528_CM4_GCC.a(GUIDEV_StaticDevices.o) (GUI__MixColors)
../../../Middlewares/STemWin/Lib\STemWin528_CM4_GCC.a(GUI_WaitEvent.o)
                              ../../../Middlewares/STemWin/Lib\STemWin528_CM4_GCC.a(WM.o) (GUI_SignalEvent)
[...]
Memory Configuration

Name             Origin             Length             Attributes
FLASH            0x08000000         0x001e0000         xr
DATA             0x081e0000         0x00020000         xrw
RAM              0x20000000         0x00030000         xrw
CCMRAM           0x10000000         0x00010000         rw
*default*        0x00000000         0xffffffff

Linker script and memory map

LOAD c:/program files (x86)/atollic/truestudio for arm 6.0.0/armtools/bin/../lib/gcc/arm-atollic-eabi/5.3.1/armv7e-m/fpu/crti.o
LOAD c:/program files (x86)/atollic/truestudio for arm 6.0.0/armtools/bin/../lib/gcc/arm-atollic-eabi/5.3.1/armv7e-m/fpu/crtbegin.o
LOAD Application\TrueSTUDIO\startup_stm32f429xx.o
LOAD Application\User\board.o
LOAD Application\User\food.o
LOAD Application\User\guiLib.o
LOAD Application\User\libUART.o
LOAD Application\User\lsm303.o
LOAD Application\User\main.o
LOAD Application\User\snake.o
LOAD Application\User\stm32f4xx_hal_msp.o
LOAD Application\User\stm32f4xx_it.o
LOAD Application\User\xprintf.o
LOAD Drivers\BSP\Components\ili9341.o
LOAD Drivers\BSP\Components\stmpe811.o
LOAD Drivers\BSP\STM32F429I-Discovery\stm32f429i_discovery.o
LOAD Drivers\BSP\STM32F429I-Discovery\stm32f429i_discovery_io.o
LOAD Drivers\BSP\STM32F429I-Discovery\stm32f429i_discovery_lcd.o
LOAD Drivers\BSP\STM32F429I-Discovery\stm32f429i_discovery_sdram.o
LOAD Drivers\BSP\STM32F429I-Discovery\stm32f429i_discovery_ts.o
LOAD Drivers\CMSIS\system_stm32f4xx.o
LOAD Drivers\STM32F4xx_HAL_Driver\stm32f4xx_hal.o
LOAD Drivers\STM32F4xx_HAL_Driver\stm32f4xx_hal_adc.o
LOAD Drivers\STM32F4xx_HAL_Driver\stm32f4xx_hal_adc_ex.o
LOAD Drivers\STM32F4xx_HAL_Driver\stm32f4xx_hal_cortex.o
LOAD Drivers\STM32F4xx_HAL_Driver\stm32f4xx_hal_dma.o
LOAD Drivers\STM32F4xx_HAL_Driver\stm32f4xx_hal_dma2d.o
LOAD Drivers\STM32F4xx_HAL_Driver\stm32f4xx_hal_dma_ex.o
LOAD Drivers\STM32F4xx_HAL_Driver\stm32f4xx_hal_flash.o
LOAD Drivers\STM32F4xx_HAL_Driver\stm32f4xx_hal_flash_ex.o
LOAD Drivers\STM32F4xx_HAL_Driver\stm32f4xx_hal_flash_ramfunc.o
LOAD Drivers\STM32F4xx_HAL_Driver\stm32f4xx_hal_gpio.o
LOAD Drivers\STM32F4xx_HAL_Driver\stm32f4xx_hal_hcd.o
LOAD Drivers\STM32F4xx_HAL_Driver\stm32f4xx_hal_i2c.o
LOAD Drivers\STM32F4xx_HAL_Driver\stm32f4xx_hal_i2c_ex.o
LOAD Drivers\STM32F4xx_HAL_Driver\stm32f4xx_hal_ltdc.o
LOAD Drivers\STM32F4xx_HAL_Driver\stm32f4xx_hal_ltdc_ex.o
LOAD Drivers\STM32F4xx_HAL_Driver\stm32f4xx_hal_pwr.o
LOAD Drivers\STM32F4xx_HAL_Driver\stm32f4xx_hal_pwr_ex.o
LOAD Drivers\STM32F4xx_HAL_Driver\stm32f4xx_hal_rcc.o
LOAD Drivers\STM32F4xx_HAL_Driver\stm32f4xx_hal_rcc_ex.o
LOAD Drivers\STM32F4xx_HAL_Driver\stm32f4xx_hal_rng.o
LOAD Drivers\STM32F4xx_HAL_Driver\stm32f4xx_hal_sd.o
LOAD Drivers\STM32F4xx_HAL_Driver\stm32f4xx_hal_sdram.o
LOAD Drivers\STM32F4xx_HAL_Driver\stm32f4xx_hal_spi.o
LOAD Drivers\STM32F4xx_HAL_Driver\stm32f4xx_hal_sram.o
LOAD Drivers\STM32F4xx_HAL_Driver\stm32f4xx_hal_tim.o
LOAD Drivers\STM32F4xx_HAL_Driver\stm32f4xx_hal_tim_ex.o
LOAD Drivers\STM32F4xx_HAL_Driver\stm32f4xx_hal_uart.o
LOAD Drivers\STM32F4xx_HAL_Driver\stm32f4xx_ll_fmc.o
LOAD Drivers\STM32F4xx_HAL_Driver\stm32f4xx_ll_fsmc.o
LOAD Middlewares\STemWin\Config\GUIConf.o
LOAD Middlewares\STemWin\Config\LCDConf.o
LOAD Middlewares\STemWin\OS\GUI_X.o
LOAD ../../../Middlewares/STemWin/Lib\STemWin528_CM4_GCC.a
START GROUP
LOAD c:/program files (x86)/atollic/truestudio for arm 6.0.0/armtools/bin/../lib/gcc/arm-atollic-eabi/5.3.1/../../../../arm-atollic-eabi/lib/armv7e-m/fpu\libc.a
LOAD c:/program files (x86)/atollic/truestudio for arm 6.0.0/armtools/bin/../lib/gcc/arm-atollic-eabi/5.3.1/../../../../arm-atollic-eabi/lib/armv7e-m/fpu\libm.a
END GROUP
                0x00000080                malloc_getpagesize_P = 0x80
START GROUP
LOAD c:/program files (x86)/atollic/truestudio for arm 6.0.0/armtools/bin/../lib/gcc/arm-atollic-eabi/5.3.1/armv7e-m/fpu\libgcc.a
LOAD c:/program files (x86)/atollic/truestudio for arm 6.0.0/armtools/bin/../lib/gcc/arm-atollic-eabi/5.3.1/../../../../arm-atollic-eabi/lib/armv7e-m/fpu\libc.a
END GROUP
START GROUP
LOAD c:/program files (x86)/atollic/truestudio for arm 6.0.0/armtools/bin/../lib/gcc/arm-atollic-eabi/5.3.1/armv7e-m/fpu\libgcc.a
LOAD c:/program files (x86)/atollic/truestudio for arm 6.0.0/armtools/bin/../lib/gcc/arm-atollic-eabi/5.3.1/../../../../arm-atollic-eabi/lib/armv7e-m/fpu\libc.a
LOAD c:/program files (x86)/atollic/truestudio for arm 6.0.0/armtools/bin/../lib/gcc/arm-atollic-eabi/5.3.1/../../../../arm-atollic-eabi/lib/armv7e-m/fpu\libnosys.a
END GROUP
LOAD c:/program files (x86)/atollic/truestudio for arm 6.0.0/armtools/bin/../lib/gcc/arm-atollic-eabi/5.3.1/armv7e-m/fpu/crtend.o
LOAD c:/program files (x86)/atollic/truestudio for arm 6.0.0/armtools/bin/../lib/gcc/arm-atollic-eabi/5.3.1/armv7e-m/fpu/crtn.o
                0x20030000                _estack = 0x20030000
                0x00002000                _Min_Heap_Size = 0x2000
                0x00000400                _Min_Stack_Size = 0x400

.isr_vector     0x08000000      0x1ac
                0x08000000                . = ALIGN (0x4)
 *(.isr_vector)
 .isr_vector    0x08000000      0x1ac Application\TrueSTUDIO\startup_stm32f429xx.o
                0x08000000                g_pfnVectors
                0x080001ac                . = ALIGN (0x4)

.user_data      0x081e0000        0x0
                0x081e0000                . = ALIGN (0x4)
 *(.user_data)
                0x081e0000                . = ALIGN (0x4)

.text           0x080001ac     0x99b8
                0x080001ac                . = ALIGN (0x4)
 *(.text)
 .text          0x080001ac       0x40 c:/program files (x86)/atollic/truestudio for arm 6.0.0/armtools/bin/../lib/gcc/arm-atollic-eabi/5.3.1/armv7e-m/fpu/crtbegin.o
 *(.text*)
 .text.Reset_Handler
                0x080001ec       0x50 Application\TrueSTUDIO\startup_stm32f429xx.o
                0x080001ec                Reset_Handler
 .text.Default_Handler
                0x0800023c        0x2 Application\TrueSTUDIO\startup_stm32f429xx.o
                0x0800023c                RTC_Alarm_IRQHandler
                0x0800023c                HASH_RNG_IRQHandler
                0x0800023c                EXTI2_IRQHandler
                0x0800023c                TIM8_CC_IRQHandler
                0x0800023c                DebugMon_Handler
                0x0800023c                UART8_IRQHandler
                0x0800023c                SPI4_IRQHandler
                0x0800023c                TIM1_CC_IRQHandler
                0x0800023c                DMA2_Stream5_IRQHandler
                0x0800023c                HardFault_Handler
                0x0800023c                DMA1_Stream5_IRQHandler
                0x0800023c                PVD_IRQHandler
                0x0800023c                SDIO_IRQHandler
                0x0800023c                TAMP_STAMP_IRQHandler
                0x0800023c                PendSV_Handler
                0x0800023c                NMI_Handler
                0x0800023c                CAN2_RX1_IRQHandler
                0x0800023c                EXTI3_IRQHandler
                0x0800023c                TIM8_TRG_COM_TIM14_IRQHandler
                0x0800023c                TIM1_UP_TIM10_IRQHandler
                0x0800023c                TIM8_UP_TIM13_IRQHandler
                0x0800023c                I2C3_ER_IRQHandler
                0x0800023c                EXTI0_IRQHandler
                0x0800023c                I2C2_EV_IRQHandler
                0x0800023c                DMA1_Stream2_IRQHandler
                0x0800023c                CAN1_RX0_IRQHandler
                0x0800023c                FPU_IRQHandler
                0x0800023c                OTG_HS_WKUP_IRQHandler
                0x0800023c                UsageFault_Handler
                0x0800023c                LTDC_ER_IRQHandler
                0x0800023c                CAN2_SCE_IRQHandler
                0x0800023c                DMA2_Stream2_IRQHandler
                0x0800023c                SPI1_IRQHandler
                0x0800023c                TIM6_DAC_IRQHandler
                0x0800023c                TIM1_BRK_TIM9_IRQHandler
                0x0800023c                DCMI_IRQHandler
                0x0800023c                CAN2_RX0_IRQHandler
                0x0800023c                DMA2_Stream3_IRQHandler
                0x0800023c                USART6_IRQHandler
                0x0800023c                USART3_IRQHandler
                0x0800023c                CAN1_RX1_IRQHandler
                0x0800023c                UART5_IRQHandler
                0x0800023c                DMA2_Stream0_IRQHandler
                0x0800023c                TIM4_IRQHandler
                0x0800023c                I2C1_EV_IRQHandler
                0x0800023c                DMA1_Stream6_IRQHandler
                0x0800023c                DMA1_Stream1_IRQHandler
                0x0800023c                UART4_IRQHandler
                0x0800023c                TIM3_IRQHandler
                0x0800023c                RCC_IRQHandler
                0x0800023c                TIM8_BRK_TIM12_IRQHandler
                0x0800023c                Default_Handler
                0x0800023c                EXTI15_10_IRQHandler
                0x0800023c                ADC_IRQHandler
                0x0800023c                DMA1_Stream7_IRQHandler
                0x0800023c                SPI5_IRQHandler
                0x0800023c                TIM7_IRQHandler
                0x0800023c                CAN2_TX_IRQHandler
                0x0800023c                TIM5_IRQHandler
                0x0800023c                DMA2_Stream7_IRQHandler
                0x0800023c                I2C3_EV_IRQHandler
                0x0800023c                EXTI9_5_IRQHandler
                0x0800023c                RTC_WKUP_IRQHandler
                0x0800023c                ETH_WKUP_IRQHandler
                0x0800023c                SPI2_IRQHandler
                0x0800023c                OTG_HS_EP1_IN_IRQHandler
                0x0800023c                MemManage_Handler
                0x0800023c                DMA1_Stream0_IRQHandler
                0x0800023c                CAN1_TX_IRQHandler
                0x0800023c                SVC_Handler
                0x0800023c                EXTI4_IRQHandler
                0x0800023c                ETH_IRQHandler
                0x0800023c                OTG_HS_EP1_OUT_IRQHandler
                0x0800023c                WWDG_IRQHandler
                0x0800023c                SPI6_IRQHandler
                0x0800023c                TIM2_IRQHandler
                0x0800023c                OTG_FS_WKUP_IRQHandler
                0x0800023c                TIM1_TRG_COM_TIM11_IRQHandler
                0x0800023c                OTG_HS_IRQHandler
                0x0800023c                DMA2D_IRQHandler
                0x0800023c                EXTI1_IRQHandler
                0x0800023c                UART7_IRQHandler
                0x0800023c                USART2_IRQHandler
                0x0800023c                I2C2_ER_IRQHandler
                0x0800023c                DMA2_Stream1_IRQHandler
                0x0800023c                CAN1_SCE_IRQHandler
                0x0800023c                FLASH_IRQHandler
                0x0800023c                DMA2_Stream4_IRQHandler
                0x0800023c                BusFault_Handler
                0x0800023c                OTG_FS_IRQHandler
                0x0800023c                SPI3_IRQHandler
                0x0800023c                DMA1_Stream4_IRQHandler
                0x0800023c                I2C1_ER_IRQHandler
                0x0800023c                FMC_IRQHandler
                0x0800023c                DMA2_Stream6_IRQHandler
                0x0800023c                SAI1_IRQHandler
                0x0800023c                DMA1_Stream3_IRQHandler
 *fill*         0x0800023e        0x2 
 .text.boardInit
                0x08000240      0x16c Application\User\board.o
                0x08000240                boardInit
 .text.show     0x080003ac       0xcc Application\User\food.o
 .text.foodInit
                0x08000478       0x44 Application\User\food.o
                0x08000478                foodInit
 .text.guiInit  0x080004bc       0x1c Application\User\guiLib.o
                0x080004bc                guiInit
 .text.endGameScreen
                0x080004d8       0x94 Application\User\guiLib.o
                0x080004d8                endGameScreen
 .text.sendConsole
                0x0800056c       0x2c Application\User\libUART.o
                0x0800056c                sendConsole
 .text.HAL_UART_RxCpltCallback
                0x08000598       0x20 Application\User\libUART.o
                0x08000598                HAL_UART_RxCpltCallback
 .text.HAL_UART_TxCpltCallback
                0x080005b8       0x18 Application\User\libUART.o
                0x080005b8                HAL_UART_TxCpltCallback
 .text.uartInit
                0x080005d0       0x4c Application\User\libUART.o
                0x080005d0                uartInit
 .text.accInit  0x0800061c       0x3c Application\User\lsm303.o
                0x0800061c                accInit
 .text.getDirection
                0x08000658       0x84 Application\User\lsm303.o
                0x08000658                getDirection
 .text.changeLedState
                0x080006dc       0x10 Application\User\main.o
 .text.checkInput
                0x080006ec       0x7c Application\User\main.o
 .text.gameUpdate
                0x08000768       0x3c Application\User\main.o
 .text.startup.main
                0x080007a4       0xbc Application\User\main.o
                0x080007a4                main
 .text.show     0x08000860       0x2c Application\User\snake.o
 .text.move     0x0800088c       0xec Application\User\snake.o
 .text.eat      0x08000978       0x6c Application\User\snake.o
 .text.snakeInit
                0x080009e4       0x68 Application\User\snake.o
                0x080009e4                snakeInit
 .text.HAL_MspInit
                0x08000a4c       0x18 Application\User\stm32f4xx_hal_msp.o
                0x08000a4c                HAL_MspInit
 .text.HAL_UART_MspInit
                0x08000a64       0x54 Application\User\stm32f4xx_hal_msp.o
                0x08000a64                HAL_UART_MspInit
 .text.HAL_I2C_MspInit
                0x08000ab8       0x70 Application\User\stm32f4xx_hal_msp.o
                0x08000ab8                HAL_I2C_MspInit
 .text.HAL_I2C_MspDeInit
                0x08000b28       0x40 Application\User\stm32f4xx_hal_msp.o
                0x08000b28                HAL_I2C_MspDeInit
 .text.SysTick_Handler
                0x08000b68        0xe Application\User\stm32f4xx_it.o
                0x08000b68                SysTick_Handler
 *fill*         0x08000b76        0x2 
 .text.USART1_IRQHandler
                0x08000b78        0xc Application\User\stm32f4xx_it.o
                0x08000b78                USART1_IRQHandler
 .text.LTDC_IRQHandler
                0x08000b84        0xc Application\User\stm32f4xx_it.o
                0x08000b84                LTDC_IRQHandler
 .text.xputc    0x08000b90       0x34 Application\User\xprintf.o
                0x08000b90                xputc
 .text.xputs    0x08000bc4       0x12 Application\User\xprintf.o
                0x08000bc4                xputs
 .text.xvprintf
                0x08000bd6      0x1a8 Application\User\xprintf.o
 .text.xprintf  0x08000d7e       0x1a Application\User\xprintf.o
                0x08000d7e                xprintf
 .text.xsprintf
                0x08000d98       0x2c Application\User\xprintf.o
                0x08000d98                xsprintf
 .text.ili9341_Init
                0x08000dc4      0x292 Drivers\BSP\Components\ili9341.o
                0x08000dc4                ili9341_Init
 .text.stmpe811_Reset
                0x08001056       0x28 Drivers\BSP\Components\stmpe811.o
                0x08001056                stmpe811_Reset
 .text.stmpe811_ReadID
                0x0800107e       0x24 Drivers\BSP\Components\stmpe811.o
                0x0800107e                stmpe811_ReadID
 .text.stmpe811_TS_DetectTouch
                0x080010a2       0x38 Drivers\BSP\Components\stmpe811.o
                0x080010a2                stmpe811_TS_DetectTouch
 .text.stmpe811_TS_GetXY
                0x080010da       0x3c Drivers\BSP\Components\stmpe811.o
                0x080010da                stmpe811_TS_GetXY
 *fill*         0x08001116        0x2 
 .text.stmpe811_Init
                0x08001118       0x30 Drivers\BSP\Components\stmpe811.o
                0x08001118                stmpe811_Init
 .text.stmpe811_EnableGlobalIT
                0x08001148       0x1e Drivers\BSP\Components\stmpe811.o
                0x08001148                stmpe811_EnableGlobalIT
 .text.stmpe811_DisableGlobalIT
                0x08001166       0x1c Drivers\BSP\Components\stmpe811.o
                0x08001166                stmpe811_DisableGlobalIT
 .text.stmpe811_EnableITSource
                0x08001182       0x20 Drivers\BSP\Components\stmpe811.o
                0x08001182                stmpe811_EnableITSource
 .text.stmpe811_TS_EnableIT
                0x080011a2       0x1a Drivers\BSP\Components\stmpe811.o
                0x080011a2                stmpe811_TS_EnableIT
 .text.stmpe811_DisableITSource
                0x080011bc       0x20 Drivers\BSP\Components\stmpe811.o
                0x080011bc                stmpe811_DisableITSource
 .text.stmpe811_TS_DisableIT
                0x080011dc       0x14 Drivers\BSP\Components\stmpe811.o
                0x080011dc                stmpe811_TS_DisableIT
 .text.stmpe811_ReadGITStatus
                0x080011f0       0x10 Drivers\BSP\Components\stmpe811.o
                0x080011f0                stmpe811_ReadGITStatus
 .text.stmpe811_TS_ITStatus
                0x08001200        0x6 Drivers\BSP\Components\stmpe811.o
                0x08001200                stmpe811_TS_ITStatus
 .text.stmpe811_ClearGlobalIT
                0x08001206        0xa Drivers\BSP\Components\stmpe811.o
                0x08001206                stmpe811_ClearGlobalIT
 .text.stmpe811_TS_ClearIT
                0x08001210        0x6 Drivers\BSP\Components\stmpe811.o
                0x08001210                stmpe811_TS_ClearIT
 .text.stmpe811_IO_EnableAF
                0x08001216       0x20 Drivers\BSP\Components\stmpe811.o
                0x08001216                stmpe811_IO_EnableAF
 .text.stmpe811_TS_Start
                0x08001236       0xa4 Drivers\BSP\Components\stmpe811.o
                0x08001236                stmpe811_TS_Start
 *fill*         0x080012da        0x2 
 .text.SPIx_Init
                0x080012dc       0x98 Drivers\BSP\STM32F429I-Discovery\stm32f429i_discovery.o
 .text.I2Cx_Init
                0x08001374       0xe8 Drivers\BSP\STM32F429I-Discovery\stm32f429i_discovery.o
 .text.I2Cx_Error
                0x0800145c       0x14 Drivers\BSP\STM32F429I-Discovery\stm32f429i_discovery.o
 .text.SPIx_Write
                0x08001470       0x30 Drivers\BSP\STM32F429I-Discovery\stm32f429i_discovery.o
 .text.BSP_PB_Init
                0x080014a0       0x74 Drivers\BSP\STM32F429I-Discovery\stm32f429i_discovery.o
                0x080014a0                BSP_PB_Init
 .text.BSP_PB_GetState
                0x08001514       0x14 Drivers\BSP\STM32F429I-Discovery\stm32f429i_discovery.o
                0x08001514                BSP_PB_GetState
 .text.LCD_IO_Init
                0x08001528       0xb8 Drivers\BSP\STM32F429I-Discovery\stm32f429i_discovery.o
                0x08001528                LCD_IO_Init
 .text.LCD_IO_WriteData
                0x080015e0       0x38 Drivers\BSP\STM32F429I-Discovery\stm32f429i_discovery.o
                0x080015e0                LCD_IO_WriteData
 .text.LCD_IO_WriteReg
                0x08001618       0x38 Drivers\BSP\STM32F429I-Discovery\stm32f429i_discovery.o
                0x08001618                LCD_IO_WriteReg
 .text.LCD_Delay
                0x08001650        0x4 Drivers\BSP\STM32F429I-Discovery\stm32f429i_discovery.o
                0x08001650                LCD_Delay
 .text.IOE_Init
                0x08001654        0x4 Drivers\BSP\STM32F429I-Discovery\stm32f429i_discovery.o
                0x08001654                IOE_Init
 .text.IOE_ITConfig
                0x08001658       0x54 Drivers\BSP\STM32F429I-Discovery\stm32f429i_discovery.o
                0x08001658                IOE_ITConfig
 .text.IOE_Write
                0x080016ac       0x34 Drivers\BSP\STM32F429I-Discovery\stm32f429i_discovery.o
                0x080016ac                IOE_Write
 .text.IOE_Read
                0x080016e0       0x38 Drivers\BSP\STM32F429I-Discovery\stm32f429i_discovery.o
                0x080016e0                IOE_Read
 .text.IOE_ReadMultiple
                0x08001718       0x2c Drivers\BSP\STM32F429I-Discovery\stm32f429i_discovery.o
                0x08001718                IOE_ReadMultiple
 .text.IOE_Delay
                0x08001744        0x4 Drivers\BSP\STM32F429I-Discovery\stm32f429i_discovery.o
                0x08001744                IOE_Delay
 .text.BSP_SDRAM_Initialization_sequence
                0x08001748       0x9c Drivers\BSP\STM32F429I-Discovery\stm32f429i_discovery_sdram.o
                0x08001748                BSP_SDRAM_Initialization_sequence
 .text.BSP_SDRAM_Init
                0x080017e4      0x1e8 Drivers\BSP\STM32F429I-Discovery\stm32f429i_discovery_sdram.o
                0x080017e4                BSP_SDRAM_Init
 .text.BSP_TS_Init
                0x080019cc       0x44 Drivers\BSP\STM32F429I-Discovery\stm32f429i_discovery_ts.o
                0x080019cc                BSP_TS_Init
 .text.SystemInit
                0x08001a10       0x4c Drivers\CMSIS\system_stm32f4xx.o
                0x08001a10                SystemInit
 .text.HAL_InitTick
                0x08001a5c       0x28 Drivers\STM32F4xx_HAL_Driver\stm32f4xx_hal.o
                0x08001a5c                HAL_InitTick
 .text.HAL_Init
                0x08001a84       0x34 Drivers\STM32F4xx_HAL_Driver\stm32f4xx_hal.o
                0x08001a84                HAL_Init
 .text.HAL_IncTick
                0x08001ab8       0x10 Drivers\STM32F4xx_HAL_Driver\stm32f4xx_hal.o
                0x08001ab8                HAL_IncTick
 .text.HAL_GetTick
                0x08001ac8        0xc Drivers\STM32F4xx_HAL_Driver\stm32f4xx_hal.o
                0x08001ac8                HAL_GetTick
 .text.HAL_Delay
                0x08001ad4       0x1a Drivers\STM32F4xx_HAL_Driver\stm32f4xx_hal.o
                0x08001ad4                HAL_Delay
 *fill*         0x08001aee        0x2 
 .text.HAL_NVIC_SetPriorityGrouping
                0x08001af0       0x24 Drivers\STM32F4xx_HAL_Driver\stm32f4xx_hal_cortex.o
                0x08001af0                HAL_NVIC_SetPriorityGrouping
 .text.HAL_NVIC_SetPriority
                0x08001b14       0x68 Drivers\STM32F4xx_HAL_Driver\stm32f4xx_hal_cortex.o
                0x08001b14                HAL_NVIC_SetPriority
 .text.HAL_NVIC_EnableIRQ
                0x08001b7c       0x18 Drivers\STM32F4xx_HAL_Driver\stm32f4xx_hal_cortex.o
                0x08001b7c                HAL_NVIC_EnableIRQ
 .text.HAL_SYSTICK_Config
                0x08001b94       0x2c Drivers\STM32F4xx_HAL_Driver\stm32f4xx_hal_cortex.o
                0x08001b94                HAL_SYSTICK_Config
 .text.HAL_SYSTICK_CLKSourceConfig
                0x08001bc0       0x18 Drivers\STM32F4xx_HAL_Driver\stm32f4xx_hal_cortex.o
                0x08001bc0                HAL_SYSTICK_CLKSourceConfig
 .text.HAL_SYSTICK_Callback
                0x08001bd8        0x2 Drivers\STM32F4xx_HAL_Driver\stm32f4xx_hal_cortex.o
                0x08001bd8                HAL_SYSTICK_Callback
 .text.HAL_SYSTICK_IRQHandler
                0x08001bda        0x8 Drivers\STM32F4xx_HAL_Driver\stm32f4xx_hal_cortex.o
                0x08001bda                HAL_SYSTICK_IRQHandler
 *fill*         0x08001be2        0x2 
 .text.DMA_CalcBaseAndBitshift
                0x08001be4       0x2c Drivers\STM32F4xx_HAL_Driver\stm32f4xx_hal_dma.o
 .text.HAL_DMA_Init
                0x08001c10       0xec Drivers\STM32F4xx_HAL_Driver\stm32f4xx_hal_dma.o
                0x08001c10                HAL_DMA_Init
 .text.HAL_DMA_DeInit
                0x08001cfc       0x4a Drivers\STM32F4xx_HAL_Driver\stm32f4xx_hal_dma.o
                0x08001cfc                HAL_DMA_DeInit
 .text.HAL_DMA_Abort_IT
                0x08001d46       0x24 Drivers\STM32F4xx_HAL_Driver\stm32f4xx_hal_dma.o
                0x08001d46                HAL_DMA_Abort_IT
 .text.HAL_DMA2D_Init
                0x08001d6a       0x58 Drivers\STM32F4xx_HAL_Driver\stm32f4xx_hal_dma2d.o
                0x08001d6a                HAL_DMA2D_Init
 *fill*         0x08001dc2        0x2 
 .text.HAL_GPIO_Init
                0x08001dc4      0x1d8 Drivers\STM32F4xx_HAL_Driver\stm32f4xx_hal_gpio.o
                0x08001dc4                HAL_GPIO_Init
 .text.HAL_GPIO_DeInit
                0x08001f9c      0x14c Drivers\STM32F4xx_HAL_Driver\stm32f4xx_hal_gpio.o
                0x08001f9c                HAL_GPIO_DeInit
 .text.HAL_GPIO_ReadPin
                0x080020e8        0xc Drivers\STM32F4xx_HAL_Driver\stm32f4xx_hal_gpio.o
                0x080020e8                HAL_GPIO_ReadPin
 .text.HAL_GPIO_WritePin
                0x080020f4        0x8 Drivers\STM32F4xx_HAL_Driver\stm32f4xx_hal_gpio.o
                0x080020f4                HAL_GPIO_WritePin
 .text.HAL_GPIO_TogglePin
                0x080020fc        0x8 Drivers\STM32F4xx_HAL_Driver\stm32f4xx_hal_gpio.o
                0x080020fc                HAL_GPIO_TogglePin
 .text.I2C_IsAcknowledgeFailed
                0x08002104       0x2a Drivers\STM32F4xx_HAL_Driver\stm32f4xx_hal_i2c.o
 .text.I2C_WaitOnFlagUntilTimeout
                0x0800212e       0x5a Drivers\STM32F4xx_HAL_Driver\stm32f4xx_hal_i2c.o
 .text.I2C_WaitOnMasterAddressFlagUntilTimeout
                0x08002188       0x82 Drivers\STM32F4xx_HAL_Driver\stm32f4xx_hal_i2c.o
 .text.I2C_WaitOnBTFFlagUntilTimeout
                0x0800220a       0x4c Drivers\STM32F4xx_HAL_Driver\stm32f4xx_hal_i2c.o
 .text.I2C_WaitOnRXNEFlagUntilTimeout
                0x08002256       0x5a Drivers\STM32F4xx_HAL_Driver\stm32f4xx_hal_i2c.o
 .text.I2C_WaitOnTXEFlagUntilTimeout
                0x080022b0       0x4c Drivers\STM32F4xx_HAL_Driver\stm32f4xx_hal_i2c.o
 .text.I2C_RequestMemoryWrite
                0x080022fc       0xa0 Drivers\STM32F4xx_HAL_Driver\stm32f4xx_hal_i2c.o
 .text.I2C_RequestMemoryRead
                0x0800239c       0xf0 Drivers\STM32F4xx_HAL_Driver\stm32f4xx_hal_i2c.o
 .text.HAL_I2C_Init
                0x0800248c       0xdc Drivers\STM32F4xx_HAL_Driver\stm32f4xx_hal_i2c.o
                0x0800248c                HAL_I2C_Init
 .text.HAL_I2C_DeInit
                0x08002568       0x32 Drivers\STM32F4xx_HAL_Driver\stm32f4xx_hal_i2c.o
                0x08002568                HAL_I2C_DeInit
 *fill*         0x0800259a        0x2 
 .text.HAL_I2C_Mem_Write
                0x0800259c      0x108 Drivers\STM32F4xx_HAL_Driver\stm32f4xx_hal_i2c.o
                0x0800259c                HAL_I2C_Mem_Write
 .text.HAL_I2C_Mem_Read
                0x080026a4      0x1ec Drivers\STM32F4xx_HAL_Driver\stm32f4xx_hal_i2c.o
                0x080026a4                HAL_I2C_Mem_Read
 .text.HAL_I2C_GetState
                0x08002890        0x6 Drivers\STM32F4xx_HAL_Driver\stm32f4xx_hal_i2c.o
                0x08002890                HAL_I2C_GetState
 .text.LTDC_SetConfig
                0x08002896      0x112 Drivers\STM32F4xx_HAL_Driver\stm32f4xx_hal_ltdc.o
 .text.HAL_LTDC_Init
                0x080029a8       0xe8 Drivers\STM32F4xx_HAL_Driver\stm32f4xx_hal_ltdc.o
                0x080029a8                HAL_LTDC_Init
 .text.HAL_LTDC_DeInit
                0x08002a90       0x18 Drivers\STM32F4xx_HAL_Driver\stm32f4xx_hal_ltdc.o
                0x08002a90                HAL_LTDC_DeInit
 .text.HAL_LTDC_ErrorCallback
                0x08002aa8        0x2 Drivers\STM32F4xx_HAL_Driver\stm32f4xx_hal_ltdc.o
                0x08002aa8                HAL_LTDC_ErrorCallback
 .text.HAL_LTDC_ReloadEventCallback
                0x08002aaa        0x2 Drivers\STM32F4xx_HAL_Driver\stm32f4xx_hal_ltdc.o
                0x08002aaa                HAL_LTDC_ReloadEventCallback
 .text.HAL_LTDC_IRQHandler
                0x08002aac       0xc6 Drivers\STM32F4xx_HAL_Driver\stm32f4xx_hal_ltdc.o
                0x08002aac                HAL_LTDC_IRQHandler
 .text.HAL_LTDC_ConfigLayer
                0x08002b72       0x52 Drivers\STM32F4xx_HAL_Driver\stm32f4xx_hal_ltdc.o
                0x08002b72                HAL_LTDC_ConfigLayer
 .text.HAL_LTDC_ConfigColorKeying
                0x08002bc4       0x38 Drivers\STM32F4xx_HAL_Driver\stm32f4xx_hal_ltdc.o
                0x08002bc4                HAL_LTDC_ConfigColorKeying
 .text.HAL_LTDC_ConfigCLUT
                0x08002bfc       0x70 Drivers\STM32F4xx_HAL_Driver\stm32f4xx_hal_ltdc.o
                0x08002bfc                HAL_LTDC_ConfigCLUT
 .text.HAL_LTDC_EnableColorKeying
                0x08002c6c       0x34 Drivers\STM32F4xx_HAL_Driver\stm32f4xx_hal_ltdc.o
                0x08002c6c                HAL_LTDC_EnableColorKeying
 .text.HAL_LTDC_DisableColorKeying
                0x08002ca0       0x34 Drivers\STM32F4xx_HAL_Driver\stm32f4xx_hal_ltdc.o
                0x08002ca0                HAL_LTDC_DisableColorKeying
 .text.HAL_LTDC_EnableCLUT
                0x08002cd4       0x34 Drivers\STM32F4xx_HAL_Driver\stm32f4xx_hal_ltdc.o
                0x08002cd4                HAL_LTDC_EnableCLUT
 .text.HAL_LTDC_SetWindowPosition
                0x08002d08       0x5c Drivers\STM32F4xx_HAL_Driver\stm32f4xx_hal_ltdc.o
                0x08002d08                HAL_LTDC_SetWindowPosition
 .text.HAL_LTDC_SetAlpha
                0x08002d64       0x40 Drivers\STM32F4xx_HAL_Driver\stm32f4xx_hal_ltdc.o
                0x08002d64                HAL_LTDC_SetAlpha
 .text.HAL_LTDC_SetAddress
                0x08002da4       0x40 Drivers\STM32F4xx_HAL_Driver\stm32f4xx_hal_ltdc.o
                0x08002da4                HAL_LTDC_SetAddress
 .text.HAL_LTDC_ProgramLineEvent
                0x08002de4       0x34 Drivers\STM32F4xx_HAL_Driver\stm32f4xx_hal_ltdc.o
                0x08002de4                HAL_LTDC_ProgramLineEvent
 .text.HAL_RCC_OscConfig
                0x08002e18      0x2d0 Drivers\STM32F4xx_HAL_Driver\stm32f4xx_hal_rcc.o
                0x08002e18                HAL_RCC_OscConfig
 .text.HAL_RCC_GetSysClockFreq
                0x080030e8       0x7c Drivers\STM32F4xx_HAL_Driver\stm32f4xx_hal_rcc.o
                0x080030e8                HAL_RCC_GetSysClockFreq
 .text.HAL_RCC_ClockConfig
                0x08003164      0x168 Drivers\STM32F4xx_HAL_Driver\stm32f4xx_hal_rcc.o
                0x08003164                HAL_RCC_ClockConfig
 .text.HAL_RCC_GetPCLK1Freq
                0x080032cc       0x30 Drivers\STM32F4xx_HAL_Driver\stm32f4xx_hal_rcc.o
                0x080032cc                HAL_RCC_GetPCLK1Freq
 .text.HAL_RCC_GetPCLK2Freq
                0x080032fc       0x30 Drivers\STM32F4xx_HAL_Driver\stm32f4xx_hal_rcc.o
                0x080032fc                HAL_RCC_GetPCLK2Freq
 .text.HAL_RCCEx_PeriphCLKConfig
                0x0800332c      0x2c8 Drivers\STM32F4xx_HAL_Driver\stm32f4xx_hal_rcc_ex.o
                0x0800332c                HAL_RCCEx_PeriphCLKConfig
 .text.HAL_RNG_MspInit
                0x080035f4        0x2 Drivers\STM32F4xx_HAL_Driver\stm32f4xx_hal_rng.o
                0x080035f4                HAL_RNG_MspInit
 .text.HAL_RNG_Init
                0x080035f6       0x3e Drivers\STM32F4xx_HAL_Driver\stm32f4xx_hal_rng.o
                0x080035f6                HAL_RNG_Init
 .text.HAL_SDRAM_MspInit
                0x08003634        0x2 Drivers\STM32F4xx_HAL_Driver\stm32f4xx_hal_sdram.o
                0x08003634                HAL_SDRAM_MspInit
 .text.HAL_SDRAM_Init
                0x08003636       0x40 Drivers\STM32F4xx_HAL_Driver\stm32f4xx_hal_sdram.o
                0x08003636                HAL_SDRAM_Init
 .text.HAL_SDRAM_SendCommand
                0x08003676       0x2e Drivers\STM32F4xx_HAL_Driver\stm32f4xx_hal_sdram.o
                0x08003676                HAL_SDRAM_SendCommand
 .text.HAL_SDRAM_ProgramRefreshRate
                0x080036a4       0x24 Drivers\STM32F4xx_HAL_Driver\stm32f4xx_hal_sdram.o
                0x080036a4                HAL_SDRAM_ProgramRefreshRate
 .text.SPI_WaitFlagStateUntilTimeout
                0x080036c8       0x8e Drivers\STM32F4xx_HAL_Driver\stm32f4xx_hal_spi.o
 .text.SPI_CheckFlag_BSY
                0x08003756       0x20 Drivers\STM32F4xx_HAL_Driver\stm32f4xx_hal_spi.o
 .text.HAL_SPI_MspInit
                0x08003776        0x2 Drivers\STM32F4xx_HAL_Driver\stm32f4xx_hal_spi.o
                0x08003776                HAL_SPI_MspInit
 .text.HAL_SPI_Init
                0x08003778       0x7a Drivers\STM32F4xx_HAL_Driver\stm32f4xx_hal_spi.o
                0x08003778                HAL_SPI_Init
 .text.HAL_SPI_MspDeInit
                0x080037f2        0x2 Drivers\STM32F4xx_HAL_Driver\stm32f4xx_hal_spi.o
                0x080037f2                HAL_SPI_MspDeInit
 .text.HAL_SPI_DeInit
                0x080037f4       0x2c Drivers\STM32F4xx_HAL_Driver\stm32f4xx_hal_spi.o
                0x080037f4                HAL_SPI_DeInit
 .text.HAL_SPI_Transmit
                0x08003820      0x15a Drivers\STM32F4xx_HAL_Driver\stm32f4xx_hal_spi.o
                0x08003820                HAL_SPI_Transmit
 .text.HAL_SPI_GetState
                0x0800397a        0x6 Drivers\STM32F4xx_HAL_Driver\stm32f4xx_hal_spi.o
                0x0800397a                HAL_SPI_GetState
 .text.UART_EndRxTransfer
                0x08003980       0x1a Drivers\STM32F4xx_HAL_Driver\stm32f4xx_hal_uart.o
 *fill*         0x0800399a        0x2 
 .text.UART_SetConfig
                0x0800399c      0x23c Drivers\STM32F4xx_HAL_Driver\stm32f4xx_hal_uart.o
 .text.HAL_UART_Init
                0x08003bd8       0x5c Drivers\STM32F4xx_HAL_Driver\stm32f4xx_hal_uart.o
                0x08003bd8                HAL_UART_Init
 .text.HAL_UART_Transmit_IT
                0x08003c34       0x3e Drivers\STM32F4xx_HAL_Driver\stm32f4xx_hal_uart.o
                0x08003c34                HAL_UART_Transmit_IT
 .text.HAL_UART_Receive_IT
                0x08003c72       0x46 Drivers\STM32F4xx_HAL_Driver\stm32f4xx_hal_uart.o
                0x08003c72                HAL_UART_Receive_IT
 .text.UART_Receive_IT
                0x08003cb8       0x78 Drivers\STM32F4xx_HAL_Driver\stm32f4xx_hal_uart.o
 .text.HAL_UART_ErrorCallback
                0x08003d30        0x2 Drivers\STM32F4xx_HAL_Driver\stm32f4xx_hal_uart.o
                0x08003d30                HAL_UART_ErrorCallback
 *fill*         0x08003d32        0x2 
 .text.HAL_UART_IRQHandler
                0x08003d34      0x140 Drivers\STM32F4xx_HAL_Driver\stm32f4xx_hal_uart.o
                0x08003d34                HAL_UART_IRQHandler
 .text.UART_DMAAbortOnError
                0x08003e74       0x10 Drivers\STM32F4xx_HAL_Driver\stm32f4xx_hal_uart.o
 .text.FMC_SDRAM_Init
                0x08003e84       0x82 Drivers\STM32F4xx_HAL_Driver\stm32f4xx_ll_fmc.o
                0x08003e84                FMC_SDRAM_Init
 .text.FMC_SDRAM_Timing_Init
                0x08003f06       0x98 Drivers\STM32F4xx_HAL_Driver\stm32f4xx_ll_fmc.o
                0x08003f06                FMC_SDRAM_Timing_Init
 .text.FMC_SDRAM_SendCommand
                0x08003f9e       0x4c Drivers\STM32F4xx_HAL_Driver\stm32f4xx_ll_fmc.o
                0x08003f9e                FMC_SDRAM_SendCommand
 .text.FMC_SDRAM_ProgramRefreshRate
                0x08003fea        0xc Drivers\STM32F4xx_HAL_Driver\stm32f4xx_ll_fmc.o
                0x08003fea                FMC_SDRAM_ProgramRefreshRate
 *fill*         0x08003ff6        0x2 
 .text.GUI_X_Config
                0x08003ff8       0x20 Middlewares\STemWin\Config\GUIConf.o
                0x08003ff8                GUI_X_Config
 .text.DMA2D_CopyBuffer.isra.1
                0x08004018       0x38 Middlewares\STemWin\Config\LCDConf.o
 .text.CUSTOM_CopyRect
                0x08004050       0x40 Middlewares\STemWin\Config\LCDConf.o
 .text.CUSTOM_FillRect
                0x08004090       0xb8 Middlewares\STemWin\Config\LCDConf.o
 .text.CUSTOM_CopyBuffer
                0x08004148       0x38 Middlewares\STemWin\Config\LCDConf.o
 .text.CUSTOM_DrawBitmap32bpp
                0x08004180       0x64 Middlewares\STemWin\Config\LCDConf.o
 .text.HAL_DMA2D_MspInit
                0x080041e4       0x24 Middlewares\STemWin\Config\LCDConf.o
                0x080041e4                HAL_DMA2D_MspInit
 .text.HAL_LTDC_MspInit
                0x08004208      0x144 Middlewares\STemWin\Config\LCDConf.o
                0x08004208                HAL_LTDC_MspInit
 .text.HAL_LTDC_MspDeInit
                0x0800434c       0x18 Middlewares\STemWin\Config\LCDConf.o
                0x0800434c                HAL_LTDC_MspDeInit
 .text.HAL_LTDC_LineEventCallback
                0x08004364       0x4c Middlewares\STemWin\Config\LCDConf.o
                0x08004364                HAL_LTDC_LineEventCallback
 .text.LCD_X_Config
                0x080043b0      0x158 Middlewares\STemWin\Config\LCDConf.o
                0x080043b0                LCD_X_Config
 .text.LCD_X_DisplayDriver
                0x08004508      0x178 Middlewares\STemWin\Config\LCDConf.o
                0x08004508                LCD_X_DisplayDriver
 .text.GUI_X_Init
                0x08004680        0x2 Middlewares\STemWin\OS\GUI_X.o
                0x08004680                GUI_X_Init
 *fill*         0x08004682        0x2 
 .text.WM_SetCreateFlags
                0x08004684       0x10 ../../../Middlewares/STemWin/Lib\STemWin528_CM4_GCC.a(WM_SetCreateFlags.o)
                0x08004684                WM_SetCreateFlags
 .text._OnExit  0x08004694       0x50 ../../../Middlewares/STemWin/Lib\STemWin528_CM4_GCC.a(WM.o)
 .text._Findy1  0x080046e4       0xac ../../../Middlewares/STemWin/Lib\STemWin528_CM4_GCC.a(WM.o)
 .text._Findx0  0x08004790       0x88 ../../../Middlewares/STemWin/Lib\STemWin528_CM4_GCC.a(WM.o)
 .text._Findx1  0x08004818       0x76 ../../../Middlewares/STemWin/Lib\STemWin528_CM4_GCC.a(WM.o)
 *fill*         0x0800488e        0x2 
 .text.WM__ClipAtParentBorders
                0x08004890       0x5c ../../../Middlewares/STemWin/Lib\STemWin528_CM4_GCC.a(WM.o)
                0x08004890                WM__ClipAtParentBorders
 .text.WM__InsertWindowIntoList
                0x080048ec       0xa4 ../../../Middlewares/STemWin/Lib\STemWin528_CM4_GCC.a(WM.o)
                0x080048ec                WM__InsertWindowIntoList
 .text.WM__Client2Screen
                0x08004990       0x10 ../../../Middlewares/STemWin/Lib\STemWin528_CM4_GCC.a(WM.o)
                0x08004990                WM__Client2Screen
 .text._SetClipRectUserIntersect
                0x080049a0       0x50 ../../../Middlewares/STemWin/Lib\STemWin528_CM4_GCC.a(WM.o)
 .text.WM__ActivateClipRect
                0x080049f0       0x48 ../../../Middlewares/STemWin/Lib\STemWin528_CM4_GCC.a(WM.o)
                0x080049f0                WM__ActivateClipRect
 .text.WM__InvalidateDrawAndDescs
                0x08004a38       0x50 ../../../Middlewares/STemWin/Lib\STemWin528_CM4_GCC.a(WM.o)
                0x08004a38                WM__InvalidateDrawAndDescs
 .text.WM__RectIsNZ
                0x08004a88       0x22 ../../../Middlewares/STemWin/Lib\STemWin528_CM4_GCC.a(WM.o)
                0x08004a88                WM__RectIsNZ
 *fill*         0x08004aaa        0x2 
 .text._Invalidate1Abs
                0x08004aac       0x88 ../../../Middlewares/STemWin/Lib\STemWin528_CM4_GCC.a(WM.o)
 .text.WM__Invalidate1Abs
                0x08004b34        0x6 ../../../Middlewares/STemWin/Lib\STemWin528_CM4_GCC.a(WM.o)
                0x08004b34                WM__Invalidate1Abs
 .text.WM_InvalidateWindowAndDescsEx
                0x08004b3a       0x64 ../../../Middlewares/STemWin/Lib\STemWin528_CM4_GCC.a(WM.o)
                0x08004b3a                WM_InvalidateWindowAndDescsEx
 .text.WM__InvalidateRect
                0x08004b9e       0x78 ../../../Middlewares/STemWin/Lib\STemWin528_CM4_GCC.a(WM.o)
                0x08004b9e                WM__InvalidateRect
 .text.WM__InvalidateRectEx
                0x08004c16        0x6 ../../../Middlewares/STemWin/Lib\STemWin528_CM4_GCC.a(WM.o)
                0x08004c16                WM__InvalidateRectEx
 .text.WM__SendMsgNoData
                0x08004c1c       0x16 ../../../Middlewares/STemWin/Lib\STemWin528_CM4_GCC.a(WM.o)
                0x08004c1c                WM__SendMsgNoData
 .text.WM__GetClientRectWin
                0x08004c32       0x18 ../../../Middlewares/STemWin/Lib\STemWin528_CM4_GCC.a(WM.o)
                0x08004c32                WM__GetClientRectWin
 .text.WM_InvalidateRect
                0x08004c4a       0x78 ../../../Middlewares/STemWin/Lib\STemWin528_CM4_GCC.a(WM.o)
                0x08004c4a                WM_InvalidateRect
 .text.WM_InvalidateWindow
                0x08004cc2        0x6 ../../../Middlewares/STemWin/Lib\STemWin528_CM4_GCC.a(WM.o)
                0x08004cc2                WM_InvalidateWindow
 .text.WM__GetTopLevelLayer
                0x08004cc8       0x28 ../../../Middlewares/STemWin/Lib\STemWin528_CM4_GCC.a(WM.o)
                0x08004cc8                WM__GetTopLevelLayer
 .text.WM__SelectTopLevelLayer
                0x08004cf0       0x14 ../../../Middlewares/STemWin/Lib\STemWin528_CM4_GCC.a(WM.o)
                0x08004cf0                WM__SelectTopLevelLayer
 .text.WM_SelectWindow
                0x08004d04       0x40 ../../../Middlewares/STemWin/Lib\STemWin528_CM4_GCC.a(WM.o)
                0x08004d04                WM_SelectWindow
 .text.WM_CreateWindowAsChild
                0x08004d44      0x154 ../../../Middlewares/STemWin/Lib\STemWin528_CM4_GCC.a(WM.o)
                0x08004d44                WM_CreateWindowAsChild
 .text.WM__GetNextIVR
                0x08004e98      0x184 ../../../Middlewares/STemWin/Lib\STemWin528_CM4_GCC.a(WM.o)
                0x08004e98                WM__GetNextIVR
 .text.WM__InitIVRSearch
                0x0800501c       0xfc ../../../Middlewares/STemWin/Lib\STemWin528_CM4_GCC.a(WM.o)
                0x0800501c                WM__InitIVRSearch
 .text.WM_Activate
                0x08005118       0x10 ../../../Middlewares/STemWin/Lib\STemWin528_CM4_GCC.a(WM.o)
                0x08005118                WM_Activate
 .text.WM_DefaultProc
                0x08005128       0x48 ../../../Middlewares/STemWin/Lib\STemWin528_CM4_GCC.a(WM.o)
                0x08005128                WM_DefaultProc
 .text.cbBackWin
                0x08005170       0x68 ../../../Middlewares/STemWin/Lib\STemWin528_CM4_GCC.a(WM.o)
 .text.WM_Init  0x080051d8       0xf4 ../../../Middlewares/STemWin/Lib\STemWin528_CM4_GCC.a(WM.o)
                0x080051d8                WM_Init
 .text.GUI_MEMDEV_GetDataPtr
                0x080052cc       0x1e ../../../Middlewares/STemWin/Lib\STemWin528_CM4_GCC.a(GUIDEV_GetDataPtr.o)
                0x080052cc                GUI_MEMDEV_GetDataPtr
 *fill*         0x080052ea        0x2 
 .text._GetDevData
                0x080052ec       0x10 ../../../Middlewares/STemWin/Lib\STemWin528_CM4_GCC.a(GUIDEV_32.o)
 .text._GetDevFunc
                0x080052fc       0x10 ../../../Middlewares/STemWin/Lib\STemWin528_CM4_GCC.a(GUIDEV_32.o)
 .text._GetDevProp
                0x0800530c        0xa ../../../Middlewares/STemWin/Lib\STemWin528_CM4_GCC.a(GUIDEV_32.o)
 .text._SetOrg  0x08005316        0xc ../../../Middlewares/STemWin/Lib\STemWin528_CM4_GCC.a(GUIDEV_32.o)
 .text._GetRect
                0x08005322       0x32 ../../../Middlewares/STemWin/Lib\STemWin528_CM4_GCC.a(GUIDEV_32.o)
 .text._XY2PTR  0x08005354       0x40 ../../../Middlewares/STemWin/Lib\STemWin528_CM4_GCC.a(GUIDEV_32.o)
 .text._GetPixelIndex
                0x08005394        0xe ../../../Middlewares/STemWin/Lib\STemWin528_CM4_GCC.a(GUIDEV_32.o)
 *fill*         0x080053a2        0x2 
 .text._XorPixel
                0x080053a4       0x5c ../../../Middlewares/STemWin/Lib\STemWin528_CM4_GCC.a(GUIDEV_32.o)
 .text._SetPixelIndex
                0x08005400       0x4c ../../../Middlewares/STemWin/Lib\STemWin528_CM4_GCC.a(GUIDEV_32.o)
 .text._DrawVLine
                0x0800544c       0xbc ../../../Middlewares/STemWin/Lib\STemWin528_CM4_GCC.a(GUIDEV_32.o)
 .text._FillRect
                0x08005508       0xb8 ../../../Middlewares/STemWin/Lib\STemWin528_CM4_GCC.a(GUIDEV_32.o)
 .text._DrawHLine
                0x080055c0        0xe ../../../Middlewares/STemWin/Lib\STemWin528_CM4_GCC.a(GUIDEV_32.o)
 *fill*         0x080055ce        0x2 
 .text._DrawBitmap
                0x080055d0      0x728 ../../../Middlewares/STemWin/Lib\STemWin528_CM4_GCC.a(GUIDEV_32.o)
 .text.GUI_MEMDEV_Delete
                0x08005cf8       0x44 ../../../Middlewares/STemWin/Lib\STemWin528_CM4_GCC.a(GUIDEV.o)
                0x08005cf8                GUI_MEMDEV_Delete
 .text._GetRect
                0x08005d3c       0x16 ../../../Middlewares/STemWin/Lib\STemWin528_CM4_GCC.a(GUIDRV_Lin_32.o)
 .text._SetPixelIndex
                0x08005d52       0x12 ../../../Middlewares/STemWin/Lib\STemWin528_CM4_GCC.a(GUIDRV_Lin_32.o)
 .text._GetPixelIndex
                0x08005d64       0x10 ../../../Middlewares/STemWin/Lib\STemWin528_CM4_GCC.a(GUIDRV_Lin_32.o)
 .text._XorPixel
                0x08005d74       0x28 ../../../Middlewares/STemWin/Lib\STemWin528_CM4_GCC.a(GUIDRV_Lin_32.o)
 .text._FillRect
                0x08005d9c      0x124 ../../../Middlewares/STemWin/Lib\STemWin528_CM4_GCC.a(GUIDRV_Lin_32.o)
 .text._DrawHLine
                0x08005ec0        0xe ../../../Middlewares/STemWin/Lib\STemWin528_CM4_GCC.a(GUIDRV_Lin_32.o)
 .text._DrawVLine
                0x08005ece       0x10 ../../../Middlewares/STemWin/Lib\STemWin528_CM4_GCC.a(GUIDRV_Lin_32.o)
 .text._GetDevProp
                0x08005ede       0x3c ../../../Middlewares/STemWin/Lib\STemWin528_CM4_GCC.a(GUIDRV_Lin_32.o)
 *fill*         0x08005f1a        0x2 
 .text._GetDevData
                0x08005f1c       0x10 ../../../Middlewares/STemWin/Lib\STemWin528_CM4_GCC.a(GUIDRV_Lin_32.o)
 .text._ReadRect
                0x08005f2c       0x5e ../../../Middlewares/STemWin/Lib\STemWin528_CM4_GCC.a(GUIDRV_Lin_32.o)
 *fill*         0x08005f8a        0x2 
 .text._GetDevFunc
                0x08005f8c       0xdc ../../../Middlewares/STemWin/Lib\STemWin528_CM4_GCC.a(GUIDRV_Lin_32.o)
 .text._SetChroma
                0x08006068       0x16 ../../../Middlewares/STemWin/Lib\STemWin528_CM4_GCC.a(GUIDRV_Lin_32.o)
 .text._SetChromaMode
                0x0800607e       0x16 ../../../Middlewares/STemWin/Lib\STemWin528_CM4_GCC.a(GUIDRV_Lin_32.o)
 .text._SetAlphaMode
                0x08006094       0x16 ../../../Middlewares/STemWin/Lib\STemWin528_CM4_GCC.a(GUIDRV_Lin_32.o)
 .text._Off     0x080060aa        0xa ../../../Middlewares/STemWin/Lib\STemWin528_CM4_GCC.a(GUIDRV_Lin_32.o)
 .text._On      0x080060b4        0xa ../../../Middlewares/STemWin/Lib\STemWin528_CM4_GCC.a(GUIDRV_Lin_32.o)
 .text._SetOrg  0x080060be       0x94 ../../../Middlewares/STemWin/Lib\STemWin528_CM4_GCC.a(GUIDRV_Lin_32.o)
 *fill*         0x08006152        0x2 
 .text._DrawBitmap
                0x08006154      0x48c ../../../Middlewares/STemWin/Lib\STemWin528_CM4_GCC.a(GUIDRV_Lin_32.o)
 .text._InitOnce.isra.4
                0x080065e0       0x24 ../../../Middlewares/STemWin/Lib\STemWin528_CM4_GCC.a(GUIDRV_Lin_32.o)
 .text._SetDevFunc
                0x08006604       0x46 ../../../Middlewares/STemWin/Lib\STemWin528_CM4_GCC.a(GUIDRV_Lin_32.o)
 .text._GetPos  0x0800664a       0x1c ../../../Middlewares/STemWin/Lib\STemWin528_CM4_GCC.a(GUIDRV_Lin_32.o)
 .text._ShowBuffer
                0x08006666       0x26 ../../../Middlewares/STemWin/Lib\STemWin528_CM4_GCC.a(GUIDRV_Lin_32.o)
 .text._Init    0x0800668c       0x1a ../../../Middlewares/STemWin/Lib\STemWin528_CM4_GCC.a(GUIDRV_Lin_32.o)
 .text._SetVis  0x080066a6       0x28 ../../../Middlewares/STemWin/Lib\STemWin528_CM4_GCC.a(GUIDRV_Lin_32.o)
 .text._SetAlpha
                0x080066ce       0x28 ../../../Middlewares/STemWin/Lib\STemWin528_CM4_GCC.a(GUIDRV_Lin_32.o)
 .text._SetPos  0x080066f6       0x2e ../../../Middlewares/STemWin/Lib\STemWin528_CM4_GCC.a(GUIDRV_Lin_32.o)
 .text._SetVRAMAddr
                0x08006724       0x2a ../../../Middlewares/STemWin/Lib\STemWin528_CM4_GCC.a(GUIDRV_Lin_32.o)
 .text._CopyBuffer
                0x0800674e       0x52 ../../../Middlewares/STemWin/Lib\STemWin528_CM4_GCC.a(GUIDRV_Lin_32.o)
 .text._SetSize
                0x080067a0       0x42 ../../../Middlewares/STemWin/Lib\STemWin528_CM4_GCC.a(GUIDRV_Lin_32.o)
 .text._SetVSize
                0x080067e2       0x26 ../../../Middlewares/STemWin/Lib\STemWin528_CM4_GCC.a(GUIDRV_Lin_32.o)
 .text.LCD_UpdateColorIndices
                0x08006808       0x24 ../../../Middlewares/STemWin/Lib\STemWin528_CM4_GCC.a(LCD_UpdateColorIndices.o)
                0x08006808                LCD_UpdateColorIndices
 .text.LCD_SetClipRectEx
                0x0800682c       0x30 ../../../Middlewares/STemWin/Lib\STemWin528_CM4_GCC.a(LCD_SetClipRectEx.o)
                0x0800682c                LCD_SetClipRectEx
 .text.LCD_SetVRAMAddrEx
                0x0800685c       0x2c ../../../Middlewares/STemWin/Lib\STemWin528_CM4_GCC.a(LCD_Set.o)
                0x0800685c                LCD_SetVRAMAddrEx
 .text.LCD_SetVSizeEx
                0x08006888       0x30 ../../../Middlewares/STemWin/Lib\STemWin528_CM4_GCC.a(LCD_Set.o)
                0x08006888                LCD_SetVSizeEx
 .text.LCD_SetSizeEx
                0x080068b8       0x30 ../../../Middlewares/STemWin/Lib\STemWin528_CM4_GCC.a(LCD_Set.o)
                0x080068b8                LCD_SetSizeEx
 .text.LCD_SetLUTEntryEx
                0x080068e8       0x30 ../../../Middlewares/STemWin/Lib\STemWin528_CM4_GCC.a(LCD_Set.o)
                0x080068e8                LCD_SetLUTEntryEx
 .text.LCD_GetPosEx
                0x08006918       0x30 ../../../Middlewares/STemWin/Lib\STemWin528_CM4_GCC.a(LCD_Set.o)
                0x08006918                LCD_GetPosEx
 .text.LCD_SetDevFunc
                0x08006948       0x30 ../../../Middlewares/STemWin/Lib\STemWin528_CM4_GCC.a(LCD_Set.o)
                0x08006948                LCD_SetDevFunc
 .text._GetDevProp
                0x08006978       0x1e ../../../Middlewares/STemWin/Lib\STemWin528_CM4_GCC.a(LCD_GetEx.o)
 .text._GetMaxValue
                0x08006996       0x22 ../../../Middlewares/STemWin/Lib\STemWin528_CM4_GCC.a(LCD_GetEx.o)
 .text.LCD_GetXSizeEx
                0x080069b8        0x6 ../../../Middlewares/STemWin/Lib\STemWin528_CM4_GCC.a(LCD_GetEx.o)
                0x080069b8                LCD_GetXSizeEx
 .text.LCD_GetYSizeEx
                0x080069be        0x6 ../../../Middlewares/STemWin/Lib\STemWin528_CM4_GCC.a(LCD_GetEx.o)
                0x080069be                LCD_GetYSizeEx
 .text.LCD_GetBitsPerPixelEx
                0x080069c4        0x6 ../../../Middlewares/STemWin/Lib\STemWin528_CM4_GCC.a(LCD_GetEx.o)
                0x080069c4                LCD_GetBitsPerPixelEx
 .text.LCD_GetNumColorsEx
                0x080069ca        0x6 ../../../Middlewares/STemWin/Lib\STemWin528_CM4_GCC.a(LCD_GetEx.o)
                0x080069ca                LCD_GetNumColorsEx
 .text.LCD_GetMirrorXEx
                0x080069d0        0x6 ../../../Middlewares/STemWin/Lib\STemWin528_CM4_GCC.a(LCD_GetEx.o)
                0x080069d0                LCD_GetMirrorXEx
 .text.LCD_GetMirrorYEx
                0x080069d6        0x6 ../../../Middlewares/STemWin/Lib\STemWin528_CM4_GCC.a(LCD_GetEx.o)
                0x080069d6                LCD_GetMirrorYEx
 .text.LCD_GetSwapXYEx
                0x080069dc        0x6 ../../../Middlewares/STemWin/Lib\STemWin528_CM4_GCC.a(LCD_GetEx.o)
                0x080069dc                LCD_GetSwapXYEx
 *fill*         0x080069e2        0x2 
 .text.LCD_GetXSize
                0x080069e4       0x10 ../../../Middlewares/STemWin/Lib\STemWin528_CM4_GCC.a(LCD_GetEx.o)
                0x080069e4                LCD_GetXSize
 .text.LCD_GetYSize
                0x080069f4       0x10 ../../../Middlewares/STemWin/Lib\STemWin528_CM4_GCC.a(LCD_GetEx.o)
                0x080069f4                LCD_GetYSize
 .text.LCD_GetNumColors
                0x08006a04       0x10 ../../../Middlewares/STemWin/Lib\STemWin528_CM4_GCC.a(LCD_GetEx.o)
                0x08006a04                LCD_GetNumColors
 .text.GUI_GetBitsPerPixelEx
                0x08006a14       0x18 ../../../Middlewares/STemWin/Lib\STemWin528_CM4_GCC.a(LCD_GetEx.o)
                0x08006a14                GUI_GetBitsPerPixelEx
 .text.LCD_GetPaletteEx
                0x08006a2c       0x14 ../../../Middlewares/STemWin/Lib\STemWin528_CM4_GCC.a(LCD_GetEx.o)
                0x08006a2c                LCD_GetPaletteEx
 .text.LCD_GetPalette
                0x08006a40       0x10 ../../../Middlewares/STemWin/Lib\STemWin528_CM4_GCC.a(LCD_GetEx.o)
                0x08006a40                LCD_GetPalette
 .text.GUI_GetpfIndex2ColorEx
                0x08006a50       0x10 ../../../Middlewares/STemWin/Lib\STemWin528_CM4_GCC.a(LCD_GetEx.o)
                0x08006a50                GUI_GetpfIndex2ColorEx
 .text.LCD_GetVXSizeMax
                0x08006a60        0x6 ../../../Middlewares/STemWin/Lib\STemWin528_CM4_GCC.a(LCD_GetEx.o)
                0x08006a60                LCD_GetVXSizeMax
 *fill*         0x08006a66        0x2 
 .text._SetDrawMode
                0x08006a68       0x28 ../../../Middlewares/STemWin/Lib\STemWin528_CM4_GCC.a(LCD.o)
 .text.LCD_SetDrawMode
                0x08006a90       0x10 ../../../Middlewares/STemWin/Lib\STemWin528_CM4_GCC.a(LCD.o)
                0x08006a90                LCD_SetDrawMode
 .text.LCD_DrawPixel
                0x08006aa0       0x5c ../../../Middlewares/STemWin/Lib\STemWin528_CM4_GCC.a(LCD.o)
                0x08006aa0                LCD_DrawPixel
 .text.LCD_DrawHLine
                0x08006afc       0x4c ../../../Middlewares/STemWin/Lib\STemWin528_CM4_GCC.a(LCD.o)
                0x08006afc                LCD_DrawHLine
 .text.LCD_FillRect
                0x08006b48       0x58 ../../../Middlewares/STemWin/Lib\STemWin528_CM4_GCC.a(LCD.o)
                0x08006b48                LCD_FillRect
 .text.LCD_DrawBitmap
                0x08006ba0      0x214 ../../../Middlewares/STemWin/Lib\STemWin528_CM4_GCC.a(LCD.o)
                0x08006ba0                LCD_DrawBitmap
 .text.LCD_SetClipRectMax
                0x08006db4       0x20 ../../../Middlewares/STemWin/Lib\STemWin528_CM4_GCC.a(LCD.o)
                0x08006db4                LCD_SetClipRectMax
 .text.emWin_LCD_Init
                0x08006dd4       0x92 ../../../Middlewares/STemWin/Lib\STemWin528_CM4_GCC.a(LCD.o)
                0x08006dd4                emWin_LCD_Init
 *fill*         0x08006e66        0x2 
 .text.LCD_Color2Index
                0x08006e68       0x20 ../../../Middlewares/STemWin/Lib\STemWin528_CM4_GCC.a(LCD.o)
                0x08006e68                LCD_Color2Index
 .text.LCD_Index2Color
                0x08006e88       0x20 ../../../Middlewares/STemWin/Lib\STemWin528_CM4_GCC.a(LCD.o)
                0x08006e88                LCD_Index2Color
 .text.LCD_SetColorIndex
                0x08006ea8       0x18 ../../../Middlewares/STemWin/Lib\STemWin528_CM4_GCC.a(LCD.o)
                0x08006ea8                LCD_SetColorIndex
 .text._SetColor
                0x08006ec0       0x20 ../../../Middlewares/STemWin/Lib\STemWin528_CM4_GCC.a(LCD.o)
 .text.LCD_SetBkColorIndex
                0x08006ee0       0x18 ../../../Middlewares/STemWin/Lib\STemWin528_CM4_GCC.a(LCD.o)
                0x08006ee0                LCD_SetBkColorIndex
 .text._SetBkColor
                0x08006ef8       0x20 ../../../Middlewares/STemWin/Lib\STemWin528_CM4_GCC.a(LCD.o)
 .text.LCD_SetBkColor
                0x08006f18       0x10 ../../../Middlewares/STemWin/Lib\STemWin528_CM4_GCC.a(LCD.o)
                0x08006f18                LCD_SetBkColor
 .text.LCD_SetColor
                0x08006f28       0x10 ../../../Middlewares/STemWin/Lib\STemWin528_CM4_GCC.a(LCD.o)
                0x08006f28                LCD_SetColor
 .text.GUI__memset
                0x08006f38       0x54 ../../../Middlewares/STemWin/Lib\STemWin528_CM4_GCC.a(GUI__memset.o)
                0x08006f38                GUI__memset
 .text.GUI__ManageCacheEx
                0x08006f8c       0xd8 ../../../Middlewares/STemWin/Lib\STemWin528_CM4_GCC.a(GUI__ManageCache.o)
                0x08006f8c                GUI__ManageCacheEx
 .text.GUI__ManageCache
                0x08007064       0x10 ../../../Middlewares/STemWin/Lib\STemWin528_CM4_GCC.a(GUI__ManageCache.o)
                0x08007064                GUI__ManageCache
 .text.GUI__IntersectRects
                0x08007074       0x64 ../../../Middlewares/STemWin/Lib\STemWin528_CM4_GCC.a(GUI__IntersectRects.o)
                0x08007074                GUI__IntersectRects
 .text.GUI__IntersectRect
                0x080070d8       0x3c ../../../Middlewares/STemWin/Lib\STemWin528_CM4_GCC.a(GUI__IntersectRect.o)
                0x080070d8                GUI__IntersectRect
 .text.GUI__MixColors
                0x08007114       0x5e ../../../Middlewares/STemWin/Lib\STemWin528_CM4_GCC.a(GUI__Alpha.o)
                0x08007114                GUI__MixColors
 *fill*         0x08007172        0x2 
 .text._OnExit  0x08007174       0x40 ../../../Middlewares/STemWin/Lib\STemWin528_CM4_GCC.a(GUI__Alpha.o)
 .text.GUI__GetAlphaBuffer
                0x080071b4       0xc8 ../../../Middlewares/STemWin/Lib\STemWin528_CM4_GCC.a(GUI__Alpha.o)
                0x080071b4                GUI__GetAlphaBuffer
 .text.GUI__DoAlphaBlending
                0x0800727c      0x1cc ../../../Middlewares/STemWin/Lib\STemWin528_CM4_GCC.a(GUI__Alpha.o)
                0x0800727c                GUI__DoAlphaBlending
 .text.GUI__AllocAlphaBuffer
                0x08007448       0x1a ../../../Middlewares/STemWin/Lib\STemWin528_CM4_GCC.a(GUI__Alpha.o)
                0x08007448                GUI__AllocAlphaBuffer
 *fill*         0x08007462        0x2 
 .text.GUI_SignalEvent
                0x08007464       0x10 ../../../Middlewares/STemWin/Lib\STemWin528_CM4_GCC.a(GUI_WaitEvent.o)
                0x08007464                GUI_SignalEvent
 .text.GUI_SetTextMode
                0x08007474       0x14 ../../../Middlewares/STemWin/Lib\STemWin528_CM4_GCC.a(GUI_SetTextMode.o)
                0x08007474                GUI_SetTextMode
 .text.GUI_SetFont
                0x08007488       0x14 ../../../Middlewares/STemWin/Lib\STemWin528_CM4_GCC.a(GUI_SetFont.o)
                0x08007488                GUI_SetFont
 .text.GUI_SetBkColor
                0x0800749c        0x4 ../../../Middlewares/STemWin/Lib\STemWin528_CM4_GCC.a(GUI_SetColor.o)
                0x0800749c                GUI_SetBkColor
 .text.GUI_SetColor
                0x080074a0        0x4 ../../../Middlewares/STemWin/Lib\STemWin528_CM4_GCC.a(GUI_SetColor.o)
                0x080074a0                GUI_SetColor
 .text.GUI_GetLayerPosEx
                0x080074a4       0x14 ../../../Middlewares/STemWin/Lib\STemWin528_CM4_GCC.a(GUI_SelectLayer.o)
                0x080074a4                GUI_GetLayerPosEx
 .text.GUI_SelectLayer
                0x080074b8       0x24 ../../../Middlewares/STemWin/Lib\STemWin528_CM4_GCC.a(GUI_SelectLayer.o)
                0x080074b8                GUI_SelectLayer
 .text.GUI_SelectLCD
                0x080074dc       0x12 ../../../Middlewares/STemWin/Lib\STemWin528_CM4_GCC.a(GUI_SelectLCD.o)
                0x080074dc                GUI_SelectLCD
 .text.GUI_RectsIntersect
                0x080074ee       0x3a ../../../Middlewares/STemWin/Lib\STemWin528_CM4_GCC.a(GUI_RectsIntersect.o)
                0x080074ee                GUI_RectsIntersect
 .text.GUI_StoreKey
                0x08007528       0x10 ../../../Middlewares/STemWin/Lib\STemWin528_CM4_GCC.a(GUI_OnKey.o)
                0x08007528                GUI_StoreKey
 .text.GUI_MoveRect
                0x08007538       0x20 ../../../Middlewares/STemWin/Lib\STemWin528_CM4_GCC.a(GUI_MoveRect.o)
                0x08007538                GUI_MoveRect
 .text.GUI_MergeRect
                0x08007558       0x56 ../../../Middlewares/STemWin/Lib\STemWin528_CM4_GCC.a(GUI_MergeRect.o)
                0x08007558                GUI_MergeRect
 *fill*         0x080075ae        0x2 
 .text.GUI_MULTIBUF_ConfirmEx
                0x080075b0       0x30 ../../../Middlewares/STemWin/Lib\STemWin528_CM4_GCC.a(GUI_MULTIBUF.o)
                0x080075b0                GUI_MULTIBUF_ConfirmEx
 .text.GUI_MULTIBUF_ConfigEx
                0x080075e0       0x20 ../../../Middlewares/STemWin/Lib\STemWin528_CM4_GCC.a(GUI_MULTIBUF.o)
                0x080075e0                GUI_MULTIBUF_ConfigEx
 .text.GUI_GotoXY
                0x08007600       0x10 ../../../Middlewares/STemWin/Lib\STemWin528_CM4_GCC.a(GUI_Goto.o)
                0x08007600                GUI_GotoXY
 .text.GUI_GetDrawMode
                0x08007610        0xc ../../../Middlewares/STemWin/Lib\STemWin528_CM4_GCC.a(GUI_GetDrawMode.o)
                0x08007610                GUI_GetDrawMode
 .text.GUI_FillRectEx
                0x0800761c       0x16 ../../../Middlewares/STemWin/Lib\STemWin528_CM4_GCC.a(GUI_FillRectEx.o)
                0x0800761c                GUI_FillRectEx
 *fill*         0x08007632        0x2 
 .text.GUI_FillRect
                0x08007634       0x44 ../../../Middlewares/STemWin/Lib\STemWin528_CM4_GCC.a(GUI_FillRect.o)
                0x08007634                GUI_FillRect
 .text.GUI_DispStringHCenterAt
                0x08007678       0x34 ../../../Middlewares/STemWin/Lib\STemWin528_CM4_GCC.a(GUI_DispStringHCenter.o)
                0x08007678                GUI_DispStringHCenterAt
 .text.GUI_DispStringAt
                0x080076ac       0x10 ../../../Middlewares/STemWin/Lib\STemWin528_CM4_GCC.a(GUI_DispStringAt.o)
                0x080076ac                GUI_DispStringAt
 .text.GUI_DispString
                0x080076bc      0x108 ../../../Middlewares/STemWin/Lib\STemWin528_CM4_GCC.a(GUI_DispString.o)
                0x080076bc                GUI_DispString
 .text._UnlinkDevice
                0x080077c4       0x2c ../../../Middlewares/STemWin/Lib\STemWin528_CM4_GCC.a(GUI_Device.o)
 .text.GUI_DEVICE__GetpDriver
                0x080077f0       0x20 ../../../Middlewares/STemWin/Lib\STemWin528_CM4_GCC.a(GUI_Device.o)
                0x080077f0                GUI_DEVICE__GetpDriver
 .text.GUI_DEVICE_Delete
                0x08007810        0x4 ../../../Middlewares/STemWin/Lib\STemWin528_CM4_GCC.a(GUI_Device.o)
                0x08007810                GUI_DEVICE_Delete
 .text.GUI_DEVICE_Create
                0x08007814       0x4c ../../../Middlewares/STemWin/Lib\STemWin528_CM4_GCC.a(GUI_Device.o)
                0x08007814                GUI_DEVICE_Create
 .text.GUI_DEVICE_Unlink
                0x08007860        0x4 ../../../Middlewares/STemWin/Lib\STemWin528_CM4_GCC.a(GUI_Device.o)
                0x08007860                GUI_DEVICE_Unlink
 .text.GUI_DEVICE_Link
                0x08007864       0x74 ../../../Middlewares/STemWin/Lib\STemWin528_CM4_GCC.a(GUI_Device.o)
                0x08007864                GUI_DEVICE_Link
 .text.GUI_DEVICE_CreateAndLink
                0x080078d8       0x28 ../../../Middlewares/STemWin/Lib\STemWin528_CM4_GCC.a(GUI_Device.o)
                0x080078d8                GUI_DEVICE_CreateAndLink
 .text._OnExit  0x08007900       0x2c ../../../Middlewares/STemWin/Lib\STemWin528_CM4_GCC.a(GUI_Core.o)
 .text._InitContext
                0x0800792c       0x80 ../../../Middlewares/STemWin/Lib\STemWin528_CM4_GCC.a(GUI_Core.o)
 .text.GUI_SetDefaultFont
                0x080079ac        0xc ../../../Middlewares/STemWin/Lib\STemWin528_CM4_GCC.a(GUI_Core.o)
                0x080079ac                GUI_SetDefaultFont
 .text.GUI_ClearRect
                0x080079b8       0x64 ../../../Middlewares/STemWin/Lib\STemWin528_CM4_GCC.a(GUI_Core.o)
                0x080079b8                GUI_ClearRect
 .text.GUI_Clear
                0x08007a1c       0x20 ../../../Middlewares/STemWin/Lib\STemWin528_CM4_GCC.a(GUI_Core.o)
                0x08007a1c                GUI_Clear
 .text.GUI__RegisterExit
                0x08007a3c       0x24 ../../../Middlewares/STemWin/Lib\STemWin528_CM4_GCC.a(GUI_Core.o)
                0x08007a3c                GUI__RegisterExit
 .text.GUI__Config
                0x08007a60       0x30 ../../../Middlewares/STemWin/Lib\STemWin528_CM4_GCC.a(GUI_Core.o)
                0x08007a60                GUI__Config
 .text.GUI_Init
                0x08007a90       0x78 ../../../Middlewares/STemWin/Lib\STemWin528_CM4_GCC.a(GUI_Core.o)
                0x08007a90                GUI_Init
 .text.GUI_ClearRectEx
                0x08007b08       0x16 ../../../Middlewares/STemWin/Lib\STemWin528_CM4_GCC.a(GUI_ClearRectEx.o)
                0x08007b08                GUI_ClearRectEx
 .text.GUIPROP__FindChar
                0x08007b1e       0x14 ../../../Middlewares/STemWin/Lib\STemWin528_CM4_GCC.a(GUI_CharP.o)
                0x08007b1e                GUIPROP__FindChar
 *fill*         0x08007b32        0x2 
 .text.GUIPROP_DispChar
                0x08007b34       0xec ../../../Middlewares/STemWin/Lib\STemWin528_CM4_GCC.a(GUI_CharP.o)
                0x08007b34                GUIPROP_DispChar
 .text.GUIPROP_GetCharDistX
                0x08007c20       0x3c ../../../Middlewares/STemWin/Lib\STemWin528_CM4_GCC.a(GUI_CharP.o)
                0x08007c20                GUIPROP_GetCharDistX
 .text.GUIPROP_GetFontInfo
                0x08007c5c        0x6 ../../../Middlewares/STemWin/Lib\STemWin528_CM4_GCC.a(GUI_CharP.o)
                0x08007c5c                GUIPROP_GetFontInfo
 .text.GUIPROP_IsInFont
                0x08007c62       0x10 ../../../Middlewares/STemWin/Lib\STemWin528_CM4_GCC.a(GUI_CharP.o)
                0x08007c62                GUIPROP_IsInFont
 *fill*         0x08007c72        0x2 
 .text.GUIMONO_DispChar
                0x08007c74      0x150 ../../../Middlewares/STemWin/Lib\STemWin528_CM4_GCC.a(GUI_CharM.o)
                0x08007c74                GUIMONO_DispChar
 .text.GUIMONO_GetCharDistX
                0x08007dc4       0x18 ../../../Middlewares/STemWin/Lib\STemWin528_CM4_GCC.a(GUI_CharM.o)
                0x08007dc4                GUIMONO_GetCharDistX
 .text.GUIMONO_GetFontInfo
                0x08007ddc        0x6 ../../../Middlewares/STemWin/Lib\STemWin528_CM4_GCC.a(GUI_CharM.o)
                0x08007ddc                GUIMONO_GetFontInfo
 .text.GUIMONO_IsInFont
                0x08007de2       0x36 ../../../Middlewares/STemWin/Lib\STemWin528_CM4_GCC.a(GUI_CharM.o)
                0x08007de2                GUIMONO_IsInFont
 .text._Log2VisBuffered
                0x08007e18        0x2 ../../../Middlewares/STemWin/Lib\STemWin528_CM4_GCC.a(GUI_CharLine.o)
 *fill*         0x08007e1a        0x2 
 .text._DispLine
                0x08007e1c       0x7c ../../../Middlewares/STemWin/Lib\STemWin528_CM4_GCC.a(GUI_CharLine.o)
 .text.GUI__GetLineNumChars
                0x08007e98       0x3c ../../../Middlewares/STemWin/Lib\STemWin528_CM4_GCC.a(GUI_CharLine.o)
                0x08007e98                GUI__GetLineNumChars
 .text.GUI__GetOverlap
                0x08007ed4       0x1e ../../../Middlewares/STemWin/Lib\STemWin528_CM4_GCC.a(GUI_CharLine.o)
                0x08007ed4                GUI__GetOverlap
 *fill*         0x08007ef2        0x2 
 .text.GUI__GetLineDistX
                0x08007ef4       0x60 ../../../Middlewares/STemWin/Lib\STemWin528_CM4_GCC.a(GUI_CharLine.o)
                0x08007ef4                GUI__GetLineDistX
 .text.GUI__DispLine
                0x08007f54       0xa8 ../../../Middlewares/STemWin/Lib\STemWin528_CM4_GCC.a(GUI_CharLine.o)
                0x08007f54                GUI__DispLine
 .text.GUI_GetYAdjust
                0x08007ffc       0x30 ../../../Middlewares/STemWin/Lib\STemWin528_CM4_GCC.a(GUI_Char.o)
                0x08007ffc                GUI_GetYAdjust
 .text.GUI_GetFontDistY
                0x0800802c       0x10 ../../../Middlewares/STemWin/Lib\STemWin528_CM4_GCC.a(GUI_Char.o)
                0x0800802c                GUI_GetFontDistY
 .text.GUI_GetCharDistX
                0x0800803c       0x14 ../../../Middlewares/STemWin/Lib\STemWin528_CM4_GCC.a(GUI_Char.o)
                0x0800803c                GUI_GetCharDistX
 .text.GUI_GetCharDistXEx
                0x08008050       0x14 ../../../Middlewares/STemWin/Lib\STemWin528_CM4_GCC.a(GUI_Char.o)
                0x08008050                GUI_GetCharDistXEx
 .text._PushFreeBlock
                0x08008064       0x24 ../../../Middlewares/STemWin/Lib\STemWin528_CM4_GCC.a(GUI_Alloc.o)
 .text._OnExit  0x08008088       0x38 ../../../Middlewares/STemWin/Lib\STemWin528_CM4_GCC.a(GUI_Alloc.o)
 .text._RemoveFreeBlock
                0x080080c0       0x38 ../../../Middlewares/STemWin/Lib\STemWin528_CM4_GCC.a(GUI_Alloc.o)
 .text._AddFreeMemory
                0x080080f8       0x9c ../../../Middlewares/STemWin/Lib\STemWin528_CM4_GCC.a(GUI_Alloc.o)
 .text._RemoveHoles
                0x08008194       0x9c ../../../Middlewares/STemWin/Lib\STemWin528_CM4_GCC.a(GUI_Alloc.o)
 .text.GUI_ALLOC_FreeFixedBlock
                0x08008230       0x14 ../../../Middlewares/STemWin/Lib\STemWin528_CM4_GCC.a(GUI_Alloc.o)
                0x08008230                GUI_ALLOC_FreeFixedBlock
 .text.GUI_ALLOC_h2p
                0x08008244       0x14 ../../../Middlewares/STemWin/Lib\STemWin528_CM4_GCC.a(GUI_Alloc.o)
                0x08008244                GUI_ALLOC_h2p
 .text.GUI_ALLOC_LockH
                0x08008258       0x1c ../../../Middlewares/STemWin/Lib\STemWin528_CM4_GCC.a(GUI_Alloc.o)
                0x08008258                GUI_ALLOC_LockH
 .text.GUI_ALLOC_UnlockH
                0x08008274       0x30 ../../../Middlewares/STemWin/Lib\STemWin528_CM4_GCC.a(GUI_Alloc.o)
                0x08008274                GUI_ALLOC_UnlockH
 .text.GUI_ALLOC_AssignMemory
                0x080082a4       0x10 ../../../Middlewares/STemWin/Lib\STemWin528_CM4_GCC.a(GUI_Alloc.o)
                0x080082a4                GUI_ALLOC_AssignMemory
 .text.GUI_ALLOC_Free
                0x080082b4       0x30 ../../../Middlewares/STemWin/Lib\STemWin528_CM4_GCC.a(GUI_Alloc.o)
                0x080082b4                GUI_ALLOC_Free
 .text._EnlargeBlocks
                0x080082e4       0x98 ../../../Middlewares/STemWin/Lib\STemWin528_CM4_GCC.a(GUI_Alloc.o)
 .text._InitOnce
                0x0800837c      0x174 ../../../Middlewares/STemWin/Lib\STemWin528_CM4_GCC.a(GUI_Alloc.o)
 .text.GUI_ALLOC_GetFixedBlock
                0x080084f0       0xa4 ../../../Middlewares/STemWin/Lib\STemWin528_CM4_GCC.a(GUI_Alloc.o)
                0x080084f0                GUI_ALLOC_GetFixedBlock
 .text._Alloc   0x08008594       0xf4 ../../../Middlewares/STemWin/Lib\STemWin528_CM4_GCC.a(GUI_Alloc.o)
 .text.GUI_ALLOC_AllocNoInit
                0x08008688        0x8 ../../../Middlewares/STemWin/Lib\STemWin528_CM4_GCC.a(GUI_Alloc.o)
                0x08008688                GUI_ALLOC_AllocNoInit
 .text.GUI_ALLOC_AllocZero
                0x08008690       0x2a ../../../Middlewares/STemWin/Lib\STemWin528_CM4_GCC.a(GUI_ALLOC_AllocZero.o)
                0x08008690                GUI_ALLOC_AllocZero
 .text.LCD_Index2Color_888
                0x080086ba        0x2 ../../../Middlewares/STemWin/Lib\STemWin528_CM4_GCC.a(GUICC_888_Index2Color.o)
                0x080086ba                LCD_Index2Color_888
 .text.LCD_Index2Color_8888
                0x080086bc        0x2 ../../../Middlewares/STemWin/Lib\STemWin528_CM4_GCC.a(GUICC_8888_Index2Color.o)
                0x080086bc                LCD_Index2Color_8888
 .text._Color2Index_M8888I
                0x080086be       0x1a ../../../Middlewares/STemWin/Lib\STemWin528_CM4_GCC.a(GUICC_M8888I.o)
 .text._Index2Color_M8888I
                0x080086d8       0x1a ../../../Middlewares/STemWin/Lib\STemWin528_CM4_GCC.a(GUICC_M8888I.o)
 .text._GetIndexMask_M8888I
                0x080086f2        0x6 ../../../Middlewares/STemWin/Lib\STemWin528_CM4_GCC.a(GUICC_M8888I.o)
 .text._Color2IndexBulk_M8888I
                0x080086f8       0x40 ../../../Middlewares/STemWin/Lib\STemWin528_CM4_GCC.a(GUICC_M8888I.o)
 .text._Index2ColorBulk_M8888I
                0x08008738       0x40 ../../../Middlewares/STemWin/Lib\STemWin528_CM4_GCC.a(GUICC_M8888I.o)
 .text.WM__SendMessage
                0x08008778       0x3c ../../../Middlewares/STemWin/Lib\STemWin528_CM4_GCC.a(WM__SendMessage.o)
                0x08008778                WM__SendMessage
 .text.WM_SendToParent
                0x080087b4       0x1c ../../../Middlewares/STemWin/Lib\STemWin528_CM4_GCC.a(WM_SendToParent.o)
                0x080087b4                WM_SendToParent
 .text.WM_GetParent
                0x080087d0       0x10 ../../../Middlewares/STemWin/Lib\STemWin528_CM4_GCC.a(WM_GetParent.o)
                0x080087d0                WM_GetParent
 .text.WM_GetFirstChild
                0x080087e0       0x10 ../../../Middlewares/STemWin/Lib\STemWin528_CM4_GCC.a(WM_GetFirstChild.o)
                0x080087e0                WM_GetFirstChild
 .text.WM_GetDesktopWindow
                0x080087f0       0x18 ../../../Middlewares/STemWin/Lib\STemWin528_CM4_GCC.a(WM_GetDesktopWindow.o)
                0x080087f0                WM_GetDesktopWindow
 .text.WM__GetClientRectEx
                0x08008808       0x22 ../../../Middlewares/STemWin/Lib\STemWin528_CM4_GCC.a(WM_GetClientRect.o)
                0x08008808                WM__GetClientRectEx
 *fill*         0x0800882a        0x2 
 .text.WM__AddCriticalHandle
                0x0800882c       0x10 ../../../Middlewares/STemWin/Lib\STemWin528_CM4_GCC.a(WM_CriticalHandle.o)
                0x0800882c                WM__AddCriticalHandle
 .text.WM_BringToBottom
                0x0800883c       0x86 ../../../Middlewares/STemWin/Lib\STemWin528_CM4_GCC.a(WM_BringToBottom.o)
                0x0800883c                WM_BringToBottom
 *fill*         0x080088c2        0x2 
 .text.GUI_MEMDEV__WriteToActiveAlpha
                0x080088c4      0x190 ../../../Middlewares/STemWin/Lib\STemWin528_CM4_GCC.a(GUIDEV_WriteToActiveAlpha.o)
                0x080088c4                GUI_MEMDEV__WriteToActiveAlpha
 .text.GUI_USAGE_DecUseCnt
                0x08008a54       0x28 ../../../Middlewares/STemWin/Lib\STemWin528_CM4_GCC.a(GUIDEV_Usage.o)
                0x08008a54                GUI_USAGE_DecUseCnt
 .text.GUI_USAGE_AddRect
                0x08008a7c       0x2a ../../../Middlewares/STemWin/Lib\STemWin528_CM4_GCC.a(GUIDEV_Usage.o)
                0x08008a7c                GUI_USAGE_AddRect
 *fill*         0x08008aa6        0x2 
 .text.LCD_SelectLCD
                0x08008aa8       0x40 ../../../Middlewares/STemWin/Lib\STemWin528_CM4_GCC.a(LCD_SelectLCD.o)
                0x08008aa8                LCD_SelectLCD
 .text.LCD_ReadRectEx
                0x08008ae8      0x1e8 ../../../Middlewares/STemWin/Lib\STemWin528_CM4_GCC.a(LCD_ReadRect.o)
 .text.GUI_ReadRectEx
                0x08008cd0       0x60 ../../../Middlewares/STemWin/Lib\STemWin528_CM4_GCC.a(LCD_ReadRect.o)
                0x08008cd0                GUI_ReadRectEx
 .text._OnExit  0x08008d30       0x14 ../../../Middlewares/STemWin/Lib\STemWin528_CM4_GCC.a(LCD_Color.o)
 .text.LCD_InitColors
                0x08008d44       0x38 ../../../Middlewares/STemWin/Lib\STemWin528_CM4_GCC.a(LCD_Color.o)
                0x08008d44                LCD_InitColors
 .text.LCD_InitLUT
                0x08008d7c       0x7c ../../../Middlewares/STemWin/Lib\STemWin528_CM4_GCC.a(LCD_Color.o)
                0x08008d7c                LCD_InitLUT
 .text.GUI__ExpandPixelIndicesEx
                0x08008df8      0x176 ../../../Middlewares/STemWin/Lib\STemWin528_CM4_GCC.a(GUI__ExpandPixelIndices.o)
                0x08008df8                GUI__ExpandPixelIndicesEx
 .text.GUI__ConvertColor2Index
                0x08008f6e      0x1a8 ../../../Middlewares/STemWin/Lib\STemWin528_CM4_GCC.a(GUI__CompactPixelIndices.o)
                0x08008f6e                GUI__ConvertColor2Index
 .text.GUI__CompactPixelIndicesEx
                0x08009116        0xe ../../../Middlewares/STemWin/Lib\STemWin528_CM4_GCC.a(GUI__CompactPixelIndices.o)
                0x08009116                GUI__CompactPixelIndicesEx
 .text._GetCharCode
                0x08009124        0x4 ../../../Middlewares/STemWin/Lib\STemWin528_CM4_GCC.a(GUI_UC_EncodeNone.o)
 .text._GetCharSize
                0x08009128        0x4 ../../../Middlewares/STemWin/Lib\STemWin528_CM4_GCC.a(GUI_UC_EncodeNone.o)
 .text._CalcSizeOfChar
                0x0800912c        0x4 ../../../Middlewares/STemWin/Lib\STemWin528_CM4_GCC.a(GUI_UC_EncodeNone.o)
 .text._Encode  0x08009130        0x6 ../../../Middlewares/STemWin/Lib\STemWin528_CM4_GCC.a(GUI_UC_EncodeNone.o)
 *fill*         0x08009136        0x2 
 .text.GUI_UC__GetCharCodeInc
                0x08009138       0x28 ../../../Middlewares/STemWin/Lib\STemWin528_CM4_GCC.a(GUI_UC.o)
                0x08009138                GUI_UC__GetCharCodeInc
 .text.GUI_UC__NumChars2NumBytes
                0x08009160       0x24 ../../../Middlewares/STemWin/Lib\STemWin528_CM4_GCC.a(GUI_UC.o)
                0x08009160                GUI_UC__NumChars2NumBytes
 .text.GUI_SetTextAlign
                0x08009184       0x14 ../../../Middlewares/STemWin/Lib\STemWin528_CM4_GCC.a(GUI_SetTextAlign.o)
                0x08009184                GUI_SetTextAlign
 .text.GUI_SetOrg
                0x08009198       0x34 ../../../Middlewares/STemWin/Lib\STemWin528_CM4_GCC.a(GUI_SetOrg.o)
                0x08009198                GUI_SetOrg
 .text.GUI_GetBkColor
                0x080091cc        0xe ../../../Middlewares/STemWin/Lib\STemWin528_CM4_GCC.a(GUI_GetColor.o)
                0x080091cc                GUI_GetBkColor
 .text.GUI_GetColor
                0x080091da        0xe ../../../Middlewares/STemWin/Lib\STemWin528_CM4_GCC.a(GUI_GetColor.o)
                0x080091da                GUI_GetColor
 .text._GetIndexMask_0
                0x080091e8       0x52 ../../../Middlewares/STemWin/Lib\STemWin528_CM4_GCC.a(GUICC_0.o)
 .text._Index2Color_0
                0x0800923a       0x1e ../../../Middlewares/STemWin/Lib\STemWin528_CM4_GCC.a(GUICC_0.o)
 .text._Color2Index_0
                0x08009258       0x5a ../../../Middlewares/STemWin/Lib\STemWin528_CM4_GCC.a(GUICC_0.o)
 .text.WM__GetPrevSibling
                0x080092b2       0x26 ../../../Middlewares/STemWin/Lib\STemWin528_CM4_GCC.a(WM__GetPrevSibling.o)
                0x080092b2                WM__GetPrevSibling
 .text.WM__GetFirstSibling
                0x080092d8       0x12 ../../../Middlewares/STemWin/Lib\STemWin528_CM4_GCC.a(WM__GetFirstSibling.o)
                0x080092d8                WM__GetFirstSibling
 .text.LCD_GetNumLayers
                0x080092ea       0x1e ../../../Middlewares/STemWin/Lib\STemWin528_CM4_GCC.a(LCD_GetNumDisplays.o)
                0x080092ea                LCD_GetNumLayers
 .text.LCD_GetBkColorIndex
                0x08009308       0x10 ../../../Middlewares/STemWin/Lib\STemWin528_CM4_GCC.a(LCD_GetColorIndex.o)
                0x08009308                LCD_GetBkColorIndex
 .text.LCD_GetColorIndex
                0x08009318       0x10 ../../../Middlewares/STemWin/Lib\STemWin528_CM4_GCC.a(LCD_GetColorIndex.o)
                0x08009318                LCD_GetColorIndex
 .text.GUI_CalcColorDist
                0x08009328       0x50 ../../../Middlewares/STemWin/Lib\STemWin528_CM4_GCC.a(GUI_CalcColorDist.o)
                0x08009328                GUI_CalcColorDist
 .text.__libc_init_array
                0x08009378       0x4c c:/program files (x86)/atollic/truestudio for arm 6.0.0/armtools/bin/../lib/gcc/arm-atollic-eabi/5.3.1/../../../../arm-atollic-eabi/lib/armv7e-m/fpu\libc.a(lib_a-init.o)
                0x08009378                __libc_init_array
 .text.memcpy   0x080093c4       0x16 c:/program files (x86)/atollic/truestudio for arm 6.0.0/armtools/bin/../lib/gcc/arm-atollic-eabi/5.3.1/../../../../arm-atollic-eabi/lib/armv7e-m/fpu\libc.a(lib_a-memcpy-stub.o)
                0x080093c4                memcpy
 .text.memmove  0x080093da       0x36 c:/program files (x86)/atollic/truestudio for arm 6.0.0/armtools/bin/../lib/gcc/arm-atollic-eabi/5.3.1/../../../../arm-atollic-eabi/lib/armv7e-m/fpu\libc.a(lib_a-memmove.o)
                0x080093da                memmove
 .text.memset   0x08009410       0x10 c:/program files (x86)/atollic/truestudio for arm 6.0.0/armtools/bin/../lib/gcc/arm-atollic-eabi/5.3.1/../../../../arm-atollic-eabi/lib/armv7e-m/fpu\libc.a(lib_a-memset.o)
                0x08009410                memset
 .text.rand     0x08009420       0x74 c:/program files (x86)/atollic/truestudio for arm 6.0.0/armtools/bin/../lib/gcc/arm-atollic-eabi/5.3.1/../../../../arm-atollic-eabi/lib/armv7e-m/fpu\libc.a(lib_a-rand.o)
                0x08009420                rand
 .text.malloc   0x08009494       0x10 c:/program files (x86)/atollic/truestudio for arm 6.0.0/armtools/bin/../lib/gcc/arm-atollic-eabi/5.3.1/../../../../arm-atollic-eabi/lib/armv7e-m/fpu\libc.a(lib_a-malloc.o)
                0x08009494                malloc
 .text._malloc_r
                0x080094a4      0x440 c:/program files (x86)/atollic/truestudio for arm 6.0.0/armtools/bin/../lib/gcc/arm-atollic-eabi/5.3.1/../../../../arm-atollic-eabi/lib/armv7e-m/fpu\libc.a(lib_a-mallocr.o)
                0x080094a4                _malloc_r
 .text.__malloc_lock
                0x080098e4        0x2 c:/program files (x86)/atollic/truestudio for arm 6.0.0/armtools/bin/../lib/gcc/arm-atollic-eabi/5.3.1/../../../../arm-atollic-eabi/lib/armv7e-m/fpu\libc.a(lib_a-mlock.o)
                0x080098e4                __malloc_lock
 .text.__malloc_unlock
                0x080098e6        0x2 c:/program files (x86)/atollic/truestudio for arm 6.0.0/armtools/bin/../lib/gcc/arm-atollic-eabi/5.3.1/../../../../arm-atollic-eabi/lib/armv7e-m/fpu\libc.a(lib_a-mlock.o)
                0x080098e6                __malloc_unlock
 .text._sbrk_r  0x080098e8       0x20 c:/program files (x86)/atollic/truestudio for arm 6.0.0/armtools/bin/../lib/gcc/arm-atollic-eabi/5.3.1/../../../../arm-atollic-eabi/lib/armv7e-m/fpu\libc.a(lib_a-sbrkr.o)
                0x080098e8                _sbrk_r
 .text._malloc_trim_r
                0x08009908       0xac c:/program files (x86)/atollic/truestudio for arm 6.0.0/armtools/bin/../lib/gcc/arm-atollic-eabi/5.3.1/../../../../arm-atollic-eabi/lib/armv7e-m/fpu\libc.a(lib_a-freer.o)
                0x08009908                _malloc_trim_r
 .text._free_r  0x080099b4      0x17c c:/program files (x86)/atollic/truestudio for arm 6.0.0/armtools/bin/../lib/gcc/arm-atollic-eabi/5.3.1/../../../../arm-atollic-eabi/lib/armv7e-m/fpu\libc.a(lib_a-freer.o)
                0x080099b4                _free_r
 .text._sbrk    0x08009b30       0x1c c:/program files (x86)/atollic/truestudio for arm 6.0.0/armtools/bin/../lib/gcc/arm-atollic-eabi/5.3.1/../../../../arm-atollic-eabi/lib/armv7e-m/fpu\libnosys.a(sbrk.o)
                0x08009b30                _sbrk
 *(.glue_7)
 .glue_7        0x08009b4c        0x0 linker stubs
 *(.glue_7t)
 .glue_7t       0x08009b4c        0x0 linker stubs
 *(.eh_frame)
 .eh_frame      0x08009b4c        0x0 c:/program files (x86)/atollic/truestudio for arm 6.0.0/armtools/bin/../lib/gcc/arm-atollic-eabi/5.3.1/armv7e-m/fpu/crtbegin.o
 *(.init)
 .init          0x08009b4c        0x4 c:/program files (x86)/atollic/truestudio for arm 6.0.0/armtools/bin/../lib/gcc/arm-atollic-eabi/5.3.1/armv7e-m/fpu/crti.o
                0x08009b4c                _init
 .init          0x08009b50        0x8 c:/program files (x86)/atollic/truestudio for arm 6.0.0/armtools/bin/../lib/gcc/arm-atollic-eabi/5.3.1/armv7e-m/fpu/crtn.o
 *(.fini)
 .fini          0x08009b58        0x4 c:/program files (x86)/atollic/truestudio for arm 6.0.0/armtools/bin/../lib/gcc/arm-atollic-eabi/5.3.1/armv7e-m/fpu/crti.o
                0x08009b58                _fini
 .fini          0x08009b5c        0x8 c:/program files (x86)/atollic/truestudio for arm 6.0.0/armtools/bin/../lib/gcc/arm-atollic-eabi/5.3.1/armv7e-m/fpu/crtn.o
                0x08009b64                . = ALIGN (0x4)
                0x08009b64                _etext = .

.vfp11_veneer   0x08009b64        0x0
 .vfp11_veneer  0x08009b64        0x0 linker stubs

.v4_bx          0x08009b64        0x0
 .v4_bx         0x08009b64        0x0 linker stubs

.iplt           0x08009b64        0x0
 .iplt          0x08009b64        0x0 c:/program files (x86)/atollic/truestudio for arm 6.0.0/armtools/bin/../lib/gcc/arm-atollic-eabi/5.3.1/armv7e-m/fpu/crtbegin.o

.rodata         0x08009b64     0x1960
                0x08009b64                . = ALIGN (0x4)
 *(.rodata)
 *(.rodata*)
 .rodata.str1.1
                0x08009b64        0x9 Application\User\food.o
                                 0x17 (size before relaxing)
 .rodata.str1.1
                0x08009b6d       0x14 Application\User\guiLib.o
 .rodata.str1.1
                0x08009b81       0x1c Application\User\lsm303.o
 .rodata.str1.1
                0x08009b9d        0xc Application\User\main.o
 .rodata.str1.1
                0x08009ba9       0x1a Application\User\snake.o
 .rodata.flagBitshiftOffset.8918
                0x08009bc3        0x8 Drivers\STM32F4xx_HAL_Driver\stm32f4xx_hal_dma.o
 .rodata.APBAHBPrescTable
                0x08009bcb       0x10 Drivers\STM32F4xx_HAL_Driver\stm32f4xx_hal_rcc.o
                0x08009bcb                APBAHBPrescTable
 *fill*         0x08009bdb        0x1 
 .rodata.aID    0x08009bdc       0x40 ../../../Middlewares/STemWin/Lib\STemWin528_CM4_GCC.a(GUIDEV_32.o)
 .rodata.GUI_MEMDEV_DEVICE_32
                0x08009c1c       0x34 ../../../Middlewares/STemWin/Lib\STemWin528_CM4_GCC.a(GUIDEV_32.o)
                0x08009c1c                GUI_MEMDEV_DEVICE_32
 .rodata.GUI_F6x8_Mono
                0x08009c50       0x14 ../../../Middlewares/STemWin/Lib\STemWin528_CM4_GCC.a(F6x8.o)
 .rodata.GUI_Font6x8
                0x08009c64       0x24 ../../../Middlewares/STemWin/Lib\STemWin528_CM4_GCC.a(F6x8.o)
                0x08009c64                GUI_Font6x8
 .rodata.GUI_acFont6x8
                0x08009c88      0x518 ../../../Middlewares/STemWin/Lib\STemWin528_CM4_GCC.a(F6x8.o)
 .rodata.GUI_F6x8_TL8859_1
                0x0800a1a0      0x1c0 ../../../Middlewares/STemWin/Lib\STemWin528_CM4_GCC.a(F6x8.o)
 .rodata.GUI_F6x8_TI8859_1
                0x0800a360        0x8 ../../../Middlewares/STemWin/Lib\STemWin528_CM4_GCC.a(F6x8.o)
 .rodata.acGUI_Font20_ASCII_0033
                0x0800a368       0x28 ../../../Middlewares/STemWin/Lib\STemWin528_CM4_GCC.a(F20_ASCII.o)
 .rodata.acGUI_Font20_ASCII_0034
                0x0800a390       0x28 ../../../Middlewares/STemWin/Lib\STemWin528_CM4_GCC.a(F20_ASCII.o)
 .rodata.acGUI_Font20_ASCII_0035
                0x0800a3b8       0x28 ../../../Middlewares/STemWin/Lib\STemWin528_CM4_GCC.a(F20_ASCII.o)
 .rodata.acGUI_Font20_ASCII_0036
                0x0800a3e0       0x28 ../../../Middlewares/STemWin/Lib\STemWin528_CM4_GCC.a(F20_ASCII.o)
 .rodata.acGUI_Font20_ASCII_0037
                0x0800a408       0x28 ../../../Middlewares/STemWin/Lib\STemWin528_CM4_GCC.a(F20_ASCII.o)
 .rodata.acGUI_Font20_ASCII_0038
                0x0800a430       0x28 ../../../Middlewares/STemWin/Lib\STemWin528_CM4_GCC.a(F20_ASCII.o)
 .rodata.acGUI_Font20_ASCII_0039
                0x0800a458       0x28 ../../../Middlewares/STemWin/Lib\STemWin528_CM4_GCC.a(F20_ASCII.o)
 .rodata.acGUI_Font20_ASCII_0070
                0x0800a480       0x28 ../../../Middlewares/STemWin/Lib\STemWin528_CM4_GCC.a(F20_ASCII.o)
 .rodata.acGUI_Font20_ASCII_0071
                0x0800a4a8       0x28 ../../../Middlewares/STemWin/Lib\STemWin528_CM4_GCC.a(F20_ASCII.o)
 .rodata.acGUI_Font20_ASCII_0072
                0x0800a4d0       0x14 ../../../Middlewares/STemWin/Lib\STemWin528_CM4_GCC.a(F20_ASCII.o)
 .rodata.acGUI_Font20_ASCII_003D
                0x0800a4e4       0x28 ../../../Middlewares/STemWin/Lib\STemWin528_CM4_GCC.a(F20_ASCII.o)
 .rodata.acGUI_Font20_ASCII_003E
                0x0800a50c       0x28 ../../../Middlewares/STemWin/Lib\STemWin528_CM4_GCC.a(F20_ASCII.o)
 .rodata.acGUI_Font20_ASCII_0075
                0x0800a534       0x28 ../../../Middlewares/STemWin/Lib\STemWin528_CM4_GCC.a(F20_ASCII.o)
 .rodata.acGUI_Font20_ASCII_0076
                0x0800a55c       0x28 ../../../Middlewares/STemWin/Lib\STemWin528_CM4_GCC.a(F20_ASCII.o)
 .rodata.acGUI_Font20_ASCII_0077
                0x0800a584       0x28 ../../../Middlewares/STemWin/Lib\STemWin528_CM4_GCC.a(F20_ASCII.o)
 .rodata.acGUI_Font20_ASCII_0078
                0x0800a5ac       0x14 ../../../Middlewares/STemWin/Lib\STemWin528_CM4_GCC.a(F20_ASCII.o)
 .rodata.acGUI_Font20_ASCII_0079
                0x0800a5c0       0x28 ../../../Middlewares/STemWin/Lib\STemWin528_CM4_GCC.a(F20_ASCII.o)
 .rodata.acGUI_Font20_ASCII_007A
                0x0800a5e8       0x14 ../../../Middlewares/STemWin/Lib\STemWin528_CM4_GCC.a(F20_ASCII.o)
 .rodata.acGUI_Font20_ASCII_007B
                0x0800a5fc       0x14 ../../../Middlewares/STemWin/Lib\STemWin528_CM4_GCC.a(F20_ASCII.o)
 .rodata.acGUI_Font20_ASCII_007C
                0x0800a610       0x14 ../../../Middlewares/STemWin/Lib\STemWin528_CM4_GCC.a(F20_ASCII.o)
 .rodata.acGUI_Font20_ASCII_007D
                0x0800a624       0x14 ../../../Middlewares/STemWin/Lib\STemWin528_CM4_GCC.a(F20_ASCII.o)
 .rodata.acGUI_Font20_ASCII_007E
                0x0800a638       0x28 ../../../Middlewares/STemWin/Lib\STemWin528_CM4_GCC.a(F20_ASCII.o)
 .rodata.GUI_Font20_ASCII_CharInfo
                0x0800a660      0x2f8 ../../../Middlewares/STemWin/Lib\STemWin528_CM4_GCC.a(F20_ASCII.o)
                0x0800a660                GUI_Font20_ASCII_CharInfo
 .rodata.acGUI_Font20_ASCII_0040
                0x0800a958       0x3c ../../../Middlewares/STemWin/Lib\STemWin528_CM4_GCC.a(F20_ASCII.o)
 .rodata.acGUI_Font20_ASCII_0041
                0x0800a994       0x28 ../../../Middlewares/STemWin/Lib\STemWin528_CM4_GCC.a(F20_ASCII.o)
 .rodata.acGUI_Font20_ASCII_0042
                0x0800a9bc       0x28 ../../../Middlewares/STemWin/Lib\STemWin528_CM4_GCC.a(F20_ASCII.o)
 .rodata.acGUI_Font20_ASCII_0043
                0x0800a9e4       0x28 ../../../Middlewares/STemWin/Lib\STemWin528_CM4_GCC.a(F20_ASCII.o)
 .rodata.acGUI_Font20_ASCII_0044
                0x0800aa0c       0x28 ../../../Middlewares/STemWin/Lib\STemWin528_CM4_GCC.a(F20_ASCII.o)
 .rodata.acGUI_Font20_ASCII_0045
                0x0800aa34       0x28 ../../../Middlewares/STemWin/Lib\STemWin528_CM4_GCC.a(F20_ASCII.o)
 .rodata.acGUI_Font20_ASCII_0046
                0x0800aa5c       0x28 ../../../Middlewares/STemWin/Lib\STemWin528_CM4_GCC.a(F20_ASCII.o)
 .rodata.acGUI_Font20_ASCII_0047
                0x0800aa84       0x28 ../../../Middlewares/STemWin/Lib\STemWin528_CM4_GCC.a(F20_ASCII.o)
 .rodata.acGUI_Font20_ASCII_0048
                0x0800aaac       0x28 ../../../Middlewares/STemWin/Lib\STemWin528_CM4_GCC.a(F20_ASCII.o)
 .rodata.acGUI_Font20_ASCII_0049
                0x0800aad4       0x14 ../../../Middlewares/STemWin/Lib\STemWin528_CM4_GCC.a(F20_ASCII.o)
 .rodata.acGUI_Font20_ASCII_004A
                0x0800aae8       0x28 ../../../Middlewares/STemWin/Lib\STemWin528_CM4_GCC.a(F20_ASCII.o)
 .rodata.GUI_Font20_ASCII_Prop1
                0x0800ab10        0xc ../../../Middlewares/STemWin/Lib\STemWin528_CM4_GCC.a(F20_ASCII.o)
                0x0800ab10                GUI_Font20_ASCII_Prop1
 .rodata.acGUI_Font20_ASCII_004C
                0x0800ab1c       0x28 ../../../Middlewares/STemWin/Lib\STemWin528_CM4_GCC.a(F20_ASCII.o)
 .rodata.acGUI_Font20_ASCII_004D
                0x0800ab44       0x28 ../../../Middlewares/STemWin/Lib\STemWin528_CM4_GCC.a(F20_ASCII.o)
 .rodata.acGUI_Font20_ASCII_004E
                0x0800ab6c       0x28 ../../../Middlewares/STemWin/Lib\STemWin528_CM4_GCC.a(F20_ASCII.o)
 .rodata.acGUI_Font20_ASCII_004F
                0x0800ab94       0x28 ../../../Middlewares/STemWin/Lib\STemWin528_CM4_GCC.a(F20_ASCII.o)
 .rodata.acGUI_Font20_ASCII_003A
                0x0800abbc       0x14 ../../../Middlewares/STemWin/Lib\STemWin528_CM4_GCC.a(F20_ASCII.o)
 .rodata.acGUI_Font20_ASCII_003B
                0x0800abd0       0x14 ../../../Middlewares/STemWin/Lib\STemWin528_CM4_GCC.a(F20_ASCII.o)
 .rodata.acGUI_Font20_ASCII_003C
                0x0800abe4       0x28 ../../../Middlewares/STemWin/Lib\STemWin528_CM4_GCC.a(F20_ASCII.o)
 .rodata.acGUI_Font20_ASCII_0073
                0x0800ac0c       0x28 ../../../Middlewares/STemWin/Lib\STemWin528_CM4_GCC.a(F20_ASCII.o)
 .rodata.acGUI_Font20_ASCII_0074
                0x0800ac34       0x14 ../../../Middlewares/STemWin/Lib\STemWin528_CM4_GCC.a(F20_ASCII.o)
 .rodata.GUI_Font20_ASCII
                0x0800ac48       0x24 ../../../Middlewares/STemWin/Lib\STemWin528_CM4_GCC.a(F20_ASCII.o)
                0x0800ac48                GUI_Font20_ASCII
 .rodata.acGUI_Font20_ASCII_0050
                0x0800ac6c       0x28 ../../../Middlewares/STemWin/Lib\STemWin528_CM4_GCC.a(F20_ASCII.o)
 .rodata.acGUI_Font20_ASCII_0051
                0x0800ac94       0x28 ../../../Middlewares/STemWin/Lib\STemWin528_CM4_GCC.a(F20_ASCII.o)
 .rodata.acGUI_Font20_ASCII_0052
                0x0800acbc       0x28 ../../../Middlewares/STemWin/Lib\STemWin528_CM4_GCC.a(F20_ASCII.o)
 .rodata.acGUI_Font20_ASCII_0053
                0x0800ace4       0x28 ../../../Middlewares/STemWin/Lib\STemWin528_CM4_GCC.a(F20_ASCII.o)
 .rodata.acGUI_Font20_ASCII_0054
                0x0800ad0c       0x28 ../../../Middlewares/STemWin/Lib\STemWin528_CM4_GCC.a(F20_ASCII.o)
 .rodata.acGUI_Font20_ASCII_0055
                0x0800ad34       0x28 ../../../Middlewares/STemWin/Lib\STemWin528_CM4_GCC.a(F20_ASCII.o)
 .rodata.acGUI_Font20_ASCII_0056
                0x0800ad5c       0x28 ../../../Middlewares/STemWin/Lib\STemWin528_CM4_GCC.a(F20_ASCII.o)
 .rodata.acGUI_Font20_ASCII_0057
                0x0800ad84       0x3c ../../../Middlewares/STemWin/Lib\STemWin528_CM4_GCC.a(F20_ASCII.o)
 .rodata.acGUI_Font20_ASCII_0058
                0x0800adc0       0x28 ../../../Middlewares/STemWin/Lib\STemWin528_CM4_GCC.a(F20_ASCII.o)
 .rodata.acGUI_Font20_ASCII_0059
                0x0800ade8       0x28 ../../../Middlewares/STemWin/Lib\STemWin528_CM4_GCC.a(F20_ASCII.o)
 .rodata.acGUI_Font20_ASCII_005A
                0x0800ae10       0x28 ../../../Middlewares/STemWin/Lib\STemWin528_CM4_GCC.a(F20_ASCII.o)
 .rodata.acGUI_Font20_ASCII_005B
                0x0800ae38       0x14 ../../../Middlewares/STemWin/Lib\STemWin528_CM4_GCC.a(F20_ASCII.o)
 .rodata.acGUI_Font20_ASCII_005C